{
  "assets": [],
  "metrics": {
    "constraints": 1,
    "objective_value": 444,
    "solve_duration": 0.123,
    "status": 2,
    "total_duration": 0.123,
    "variables": 11
  },
  "options": {
    "LogToConsole": 1,
    "MIPGap": 0.0001,
    "TimeLimit": 30,
    "provider": "gurobi"
  },
  "solution": {
    "book": 1,
    "cat": 1,
    "coat": 1,
    "dog": 0,
    "keys": 1,
    "laptop": 0,
    "nuts": 1,
    "phone": 1,
    "rx": 1,
    "tablet": 0,
    "water": 1
  }
}
