Solving Traveling Salesman problem:
   - Number of nodes: 100
   - Solving for >5< nodes
***All illegal subtours are removed. Solution found!***
{
  "options": {
    "maxnodes": 5
  },
  "solution": {
    "solution": {
      "n1": {
        "0": "Hamburg",
        "1": "Muenchen",
        "2": "Koeln",
        "3": "Frankfurt am Main",
        "4": "Frankfurt am Main"
      },
      "n2": {
        "0": "Berlin",
        "1": "Berlin",
        "2": "Hamburg",
        "3": "Muenchen",
        "4": "Koeln"
      },
      "value": {
        "0": 1.0,
        "1": 1.0,
        "2": 1.0,
        "3": 1.0,
        "4": 1.0
      }
    },
    "total_distance": 17.736073333824066
  },
  "assets": [],
  "metrics": {
    "run_duration": 0.123,
    "solver_duration": 0,
    "objective_value": 17.736073333824066,
    "status": "OptimalGlobal",
    "variables": 11.0,
    "constraints": 6.0,
    "solution_path": "Hamburg -> Berlin -> Muenchen -> Frankfurt am Main -> Koeln -> Hamburg"
  }
}
