Solving Traveling Salesman problem:
   - Number of nodes: 100
   - Solving for >10< nodes
Subtours in current solution: 2 | total subtours: 2
***All illegal subtours are removed. Solution found!***
{
  "options": {
    "maxnodes": 10
  },
  "solution": {
    "solution": {
      "n1": {
        "0": "Hamburg",
        "1": "Muenchen",
        "2": "Frankfurt am Main",
        "3": "Stuttgart",
        "4": "Stuttgart",
        "5": "Dortmund",
        "6": "Dusseldorf",
        "7": "Dusseldorf",
        "8": "Bremen",
        "9": "Bremen"
      },
      "n2": {
        "0": "Berlin",
        "1": "Berlin",
        "2": "Koeln",
        "3": "Muenchen",
        "4": "Frankfurt am Main",
        "5": "Essen",
        "6": "Koeln",
        "7": "Essen",
        "8": "Hamburg",
        "9": "Dortmund"
      },
      "value": {
        "0": 1.0,
        "1": 1.0,
        "2": 1.0,
        "3": 1.0,
        "4": 1.0,
        "5": 1.0,
        "6": 1.0,
        "7": 1.0,
        "8": 1.0,
        "9": 1.0
      }
    },
    "total_distance": 18.57624433483994
  },
  "assets": [],
  "metrics": {
    "run_duration": 0.123,
    "solver_duration": 0.123,
    "objective_value": 18.57624433483994,
    "status": "OptimalGlobal",
    "variables": 46.0,
    "constraints": 13.0,
    "solution_path": "Hamburg -> Berlin -> Muenchen -> Stuttgart -> Frankfurt am Main -> Koeln -> Dusseldorf -> Essen -> Dortmund -> Bremen -> Hamburg"
  }
}
