{
  "options": {
    "input": "",
    "output": "",
    "duration": 30,
    "provider": "SCIP"
  },
  "statistics": {
    "run": {
      "duration": 0.123
    },
    "result": {
      "duration": 0.123,
      "value": 444.0,
      "custom": {
        "status": "optimal",
        "variables": 11,
        "constraints": 1
      }
    },
    "schema": "v1"
  }
}
