{
  "assets": [
    {
      "content": [
        {
          "data": [
            {
              "marker": {
                "color": "red"
              },
              "name": "Quantity",
              "opacity": 0.5,
              "type": "bar",
              "x": [
                "great_lakes",
                "midsouth",
                "northeast",
                "northern_new_england",
                "southcentral",
                "southeast",
                "west",
                "plains"
              ],
              "y": [
                3.50819768,
                3.94327922,
                4.46022391,
                0.917984,
                4.74101614,
                3.84072787,
                5.62900352,
                2.95956766
              ]
            },
            {
              "marker": {
                "color": "green"
              },
              "name": "Demand Forecast",
              "opacity": 0.5,
              "type": "bar",
              "x": [
                "great_lakes",
                "midsouth",
                "northeast",
                "northern_new_england",
                "southcentral",
                "southeast",
                "west",
                "plains"
              ],
              "y": [
                3.50819768,
                3.8645434,
                4.46022391,
                0.917984,
                6.48841261,
                3.61119424,
                5.85853716,
                1.2121712
              ]
            }
          ],
          "layout": {
            "barmode": "group",
            "template": {
              "data": {
                "bar": [
                  {
                    "error_x": {
                      "color": "#2a3f5f"
                    },
                    "error_y": {
                      "color": "#2a3f5f"
                    },
                    "marker": {
                      "line": {
                        "color": "#E5ECF6",
                        "width": 0.5
                      },
                      "pattern": {
                        "fillmode": "overlay",
                        "size": 10,
                        "solidity": 0.2
                      }
                    },
                    "type": "bar"
                  }
                ],
                "barpolar": [
                  {
                    "marker": {
                      "line": {
                        "color": "#E5ECF6",
                        "width": 0.5
                      },
                      "pattern": {
                        "fillmode": "overlay",
                        "size": 10,
                        "solidity": 0.2
                      }
                    },
                    "type": "barpolar"
                  }
                ],
                "carpet": [
                  {
                    "aaxis": {
                      "endlinecolor": "#2a3f5f",
                      "gridcolor": "white",
                      "linecolor": "white",
                      "minorgridcolor": "white",
                      "startlinecolor": "#2a3f5f"
                    },
                    "baxis": {
                      "endlinecolor": "#2a3f5f",
                      "gridcolor": "white",
                      "linecolor": "white",
                      "minorgridcolor": "white",
                      "startlinecolor": "#2a3f5f"
                    },
                    "type": "carpet"
                  }
                ],
                "choropleth": [
                  {
                    "colorbar": {
                      "outlinewidth": 0,
                      "ticks": ""
                    },
                    "type": "choropleth"
                  }
                ],
                "contour": [
                  {
                    "colorbar": {
                      "outlinewidth": 0,
                      "ticks": ""
                    },
                    "colorscale": [
                      0,
                      "#46039f",
                      "#7201a8",
                      0.3333333333333333,
                      0.4444444444444444,
                      "#d8576b",
                      0.6666666666666666,
                      "#fb9f3a",
                      "#fdca26",
                      "#f0f921"
                    ],
                    "type": "contour"
                  }
                ],
                "contourcarpet": [
                  {
                    "colorbar": {
                      "outlinewidth": 0,
                      "ticks": ""
                    },
                    "type": "contourcarpet"
                  }
                ],
                "heatmap": [
                  {
                    "colorbar": {
                      "outlinewidth": 0,
                      "ticks": ""
                    },
                    "colorscale": [
                      0,
                      "#46039f",
                      "#7201a8",
                      0.3333333333333333,
                      0.4444444444444444,
                      "#d8576b",
                      0.6666666666666666,
                      "#fb9f3a",
                      "#fdca26",
                      1
                    ],
                    "type": "heatmap"
                  }
                ],
                "histogram": [
                  {
                    "marker": {
                      "pattern": {
                        "fillmode": "overlay",
                        "size": 10,
                        "solidity": 0.2
                      }
                    },
                    "type": "histogram"
                  }
                ],
                "histogram2d": [
                  {
                    "colorbar": {
                      "outlinewidth": 0,
                      "ticks": ""
                    },
                    "colorscale": [
                      0,
                      0.1111111111111111,
                      "#7201a8",
                      0.3333333333333333,
                      "#bd3786",
                      "#d8576b",
                      "#ed7953",
                      "#fb9f3a",
                      "#fdca26",
                      "#f0f921"
                    ],
                    "type": "histogram2d"
                  }
                ],
                "histogram2dcontour": [
                  {
                    "colorbar": {
                      "outlinewidth": 0,
                      "ticks": ""
                    },
                    "colorscale": [
                      0,
                      "#46039f",
                      0.2222222222222222,
                      "#9c179e",
                      "#bd3786",
                      0.5555555555555556,
                      0.6666666666666666,
                      "#fb9f3a",
                      "#fdca26",
                      "#f0f921"
                    ],
                    "type": "histogram2dcontour"
                  }
                ],
                "mesh3d": [
                  {
                    "colorbar": {
                      "outlinewidth": 0,
                      "ticks": ""
                    },
                    "type": "mesh3d"
                  }
                ],
                "parcoords": [
                  {
                    "line": {
                      "colorbar": {
                        "outlinewidth": 0,
                        "ticks": ""
                      }
                    },
                    "type": "parcoords"
                  }
                ],
                "pie": [
                  {
                    "automargin": true,
                    "type": "pie"
                  }
                ],
                "scatter": [
                  {
                    "fillpattern": {
                      "fillmode": "overlay",
                      "size": 10,
                      "solidity": 0.2
                    },
                    "type": "scatter"
                  }
                ],
                "scatter3d": [
                  {
                    "line": {
                      "colorbar": {
                        "outlinewidth": 0,
                        "ticks": ""
                      }
                    },
                    "marker": {
                      "colorbar": {
                        "outlinewidth": 0,
                        "ticks": ""
                      }
                    },
                    "type": "scatter3d"
                  }
                ],
                "scattercarpet": [
                  {
                    "marker": {
                      "colorbar": {
                        "outlinewidth": 0,
                        "ticks": ""
                      }
                    },
                    "type": "scattercarpet"
                  }
                ],
                "scattergeo": [
                  {
                    "marker": {
                      "colorbar": {
                        "outlinewidth": 0,
                        "ticks": ""
                      }
                    },
                    "type": "scattergeo"
                  }
                ],
                "scattergl": [
                  {
                    "marker": {
                      "colorbar": {
                        "outlinewidth": 0,
                        "ticks": ""
                      }
                    },
                    "type": "scattergl"
                  }
                ],
                "scattermap": [
                  {
                    "marker": {
                      "colorbar": {
                        "outlinewidth": 0,
                        "ticks": ""
                      }
                    },
                    "type": "scattermap"
                  }
                ],
                "scattermapbox": [
                  {
                    "marker": {
                      "colorbar": {
                        "outlinewidth": 0,
                        "ticks": ""
                      }
                    },
                    "type": "scattermapbox"
                  }
                ],
                "scatterpolar": [
                  {
                    "marker": {
                      "colorbar": {
                        "outlinewidth": 0,
                        "ticks": ""
                      }
                    },
                    "type": "scatterpolar"
                  }
                ],
                "scatterpolargl": [
                  {
                    "marker": {
                      "colorbar": {
                        "outlinewidth": 0,
                        "ticks": ""
                      }
                    },
                    "type": "scatterpolargl"
                  }
                ],
                "scatterternary": [
                  {
                    "marker": {
                      "colorbar": {
                        "outlinewidth": 0,
                        "ticks": ""
                      }
                    },
                    "type": "scatterternary"
                  }
                ],
                "surface": [
                  {
                    "colorbar": {
                      "outlinewidth": 0,
                      "ticks": ""
                    },
                    "colorscale": [
                      0,
                      "#46039f",
                      0.2222222222222222,
                      0.3333333333333333,
                      0.4444444444444444,
                      0.5555555555555556,
                      0.6666666666666666,
                      "#fb9f3a",
                      0.8888888888888888,
                      1
                    ],
                    "type": "surface"
                  }
                ],
                "table": [
                  {
                    "cells": {
                      "fill": {
                        "color": "#EBF0F8"
                      },
                      "line": {
                        "color": "white"
                      }
                    },
                    "header": {
                      "fill": {
                        "color": "#C8D4E3"
                      },
                      "line": {
                        "color": "white"
                      }
                    },
                    "type": "table"
                  }
                ]
              },
              "layout": {
                "annotationdefaults": {
                  "arrowcolor": "#2a3f5f",
                  "arrowhead": 0,
                  "arrowwidth": 1
                },
                "autotypenumbers": "strict",
                "coloraxis": {
                  "colorbar": {
                    "outlinewidth": 0,
                    "ticks": ""
                  }
                },
                "colorscale": {
                  "diverging": [
                    0,
                    "#c51b7d",
                    0.2,
                    "#f1b6da",
                    0.4,
                    "#f7f7f7",
                    0.6,
                    "#b8e186",
                    0.8,
                    0.9,
                    1
                  ],
                  "sequential": [
                    0,
                    0.1111111111111111,
                    "#7201a8",
                    0.3333333333333333,
                    0.4444444444444444,
                    0.5555555555555556,
                    "#ed7953",
                    "#fb9f3a",
                    0.8888888888888888,
                    "#f0f921"
                  ],
                  "sequentialminus": [
                    "#0d0887",
                    0.1111111111111111,
                    0.2222222222222222,
                    0.3333333333333333,
                    0.4444444444444444,
                    "#d8576b",
                    0.6666666666666666,
                    "#fb9f3a",
                    0.8888888888888888,
                    "#f0f921"
                  ]
                },
                "colorway": [
                  "#636efa",
                  "#EF553B",
                  "#00cc96",
                  "#ab63fa",
                  "#FFA15A",
                  "#19d3f3",
                  "#FF6692",
                  "#B6E880",
                  "#FF97FF",
                  "#FECB52"
                ],
                "font": {
                  "color": "#2a3f5f"
                },
                "geo": {
                  "bgcolor": "white",
                  "lakecolor": "white",
                  "landcolor": "#E5ECF6",
                  "showlakes": true,
                  "showland": true,
                  "subunitcolor": "white"
                },
                "hoverlabel": {
                  "align": "left"
                },
                "hovermode": "closest",
                "mapbox": {
                  "style": "light"
                },
                "paper_bgcolor": "white",
                "plot_bgcolor": "#E5ECF6",
                "polar": {
                  "angularaxis": {
                    "gridcolor": "white",
                    "linecolor": "white",
                    "ticks": ""
                  },
                  "bgcolor": "#E5ECF6",
                  "radialaxis": {
                    "gridcolor": "white",
                    "linecolor": "white",
                    "ticks": ""
                  }
                },
                "scene": {
                  "xaxis": {
                    "backgroundcolor": "#E5ECF6",
                    "gridcolor": "white",
                    "gridwidth": 2,
                    "linecolor": "white",
                    "showbackground": true,
                    "ticks": "",
                    "zerolinecolor": "white"
                  },
                  "yaxis": {
                    "backgroundcolor": "#E5ECF6",
                    "gridcolor": "white",
                    "gridwidth": 2,
                    "linecolor": "white",
                    "showbackground": true,
                    "ticks": "",
                    "zerolinecolor": "white"
                  },
                  "zaxis": {
                    "backgroundcolor": "#E5ECF6",
                    "gridcolor": "white",
                    "gridwidth": 2,
                    "linecolor": "white",
                    "showbackground": true,
                    "ticks": "",
                    "zerolinecolor": "white"
                  }
                },
                "shapedefaults": {
                  "line": {
                    "color": "#2a3f5f"
                  }
                },
                "ternary": {
                  "aaxis": {
                    "gridcolor": "white",
                    "linecolor": "white",
                    "ticks": ""
                  },
                  "baxis": {
                    "gridcolor": "white",
                    "linecolor": "white",
                    "ticks": ""
                  },
                  "bgcolor": "#E5ECF6",
                  "caxis": {
                    "gridcolor": "white",
                    "linecolor": "white",
                    "ticks": ""
                  }
                },
                "title": {
                  "x": 0.05
                },
                "xaxis": {
                  "automargin": true,
                  "gridcolor": "white",
                  "linecolor": "white",
                  "ticks": "",
                  "title": {
                    "standoff": 15
                  },
                  "zerolinecolor": "white",
                  "zerolinewidth": 2
                },
                "yaxis": {
                  "automargin": true,
                  "gridcolor": "white",
                  "linecolor": "white",
                  "ticks": "",
                  "title": {
                    "standoff": 15
                  },
                  "zerolinecolor": "white",
                  "zerolinewidth": 2
                }
              }
            },
            "title": {
              "text": "Demand and Quantity Allocated by Region"
            },
            "xaxis": {
              "title": {
                "text": "Regions"
              }
            },
            "yaxis": {
              "title": {
                "text": "Millions of Avocados"
              }
            }
          }
        },
        {
          "data": [
            {
              "marker": {
                "color": "blue"
              },
              "name": "Price ($)",
              "opacity": 0.5,
              "type": "bar",
              "x": [
                "great_lakes",
                "midsouth",
                "northeast",
                "northern_new_england",
                "southcentral",
                "southeast",
                "west",
                "plains"
              ],
              "y": [
                1.78,
                1.51,
                2,
                1.59,
                2,
                1.9,
                2,
                1.21
              ]
            }
          ],
          "layout": {
            "barmode": "group",
            "template": {
              "data": {
                "bar": [
                  {
                    "error_x": {
                      "color": "#2a3f5f"
                    },
                    "error_y": {
                      "color": "#2a3f5f"
                    },
                    "marker": {
                      "line": {
                        "color": "#E5ECF6",
                        "width": 0.5
                      },
                      "pattern": {
                        "fillmode": "overlay",
                        "size": 10,
                        "solidity": 0.2
                      }
                    },
                    "type": "bar"
                  }
                ],
                "barpolar": [
                  {
                    "marker": {
                      "line": {
                        "color": "#E5ECF6",
                        "width": 0.5
                      },
                      "pattern": {
                        "fillmode": "overlay",
                        "size": 10,
                        "solidity": 0.2
                      }
                    },
                    "type": "barpolar"
                  }
                ],
                "carpet": [
                  {
                    "aaxis": {
                      "endlinecolor": "#2a3f5f",
                      "gridcolor": "white",
                      "linecolor": "white",
                      "minorgridcolor": "white",
                      "startlinecolor": "#2a3f5f"
                    },
                    "baxis": {
                      "endlinecolor": "#2a3f5f",
                      "gridcolor": "white",
                      "linecolor": "white",
                      "minorgridcolor": "white",
                      "startlinecolor": "#2a3f5f"
                    },
                    "type": "carpet"
                  }
                ],
                "choropleth": [
                  {
                    "colorbar": {
                      "outlinewidth": 0,
                      "ticks": ""
                    },
                    "type": "choropleth"
                  }
                ],
                "contour": [
                  {
                    "colorbar": {
                      "outlinewidth": 0,
                      "ticks": ""
                    },
                    "colorscale": [
                      "#0d0887",
                      "#46039f",
                      0.2222222222222222,
                      0.3333333333333333,
                      "#bd3786",
                      0.5555555555555556,
                      0.6666666666666666,
                      "#fb9f3a",
                      0.8888888888888888,
                      1
                    ],
                    "type": "contour"
                  }
                ],
                "contourcarpet": [
                  {
                    "colorbar": {
                      "outlinewidth": 0,
                      "ticks": ""
                    },
                    "type": "contourcarpet"
                  }
                ],
                "heatmap": [
                  {
                    "colorbar": {
                      "outlinewidth": 0,
                      "ticks": ""
                    },
                    "colorscale": [
                      "#0d0887",
                      "#46039f",
                      0.2222222222222222,
                      0.3333333333333333,
                      "#bd3786",
                      0.5555555555555556,
                      0.6666666666666666,
                      "#fb9f3a",
                      0.8888888888888888,
                      "#f0f921"
                    ],
                    "type": "heatmap"
                  }
                ],
                "histogram": [
                  {
                    "marker": {
                      "pattern": {
                        "fillmode": "overlay",
                        "size": 10,
                        "solidity": 0.2
                      }
                    },
                    "type": "histogram"
                  }
                ],
                "histogram2d": [
                  {
                    "colorbar": {
                      "outlinewidth": 0,
                      "ticks": ""
                    },
                    "colorscale": [
                      "#0d0887",
                      0.1111111111111111,
                      "#7201a8",
                      "#9c179e",
                      "#bd3786",
                      0.5555555555555556,
                      "#ed7953",
                      0.7777777777777778,
                      0.8888888888888888,
                      "#f0f921"
                    ],
                    "type": "histogram2d"
                  }
                ],
                "histogram2dcontour": [
                  {
                    "colorbar": {
                      "outlinewidth": 0,
                      "ticks": ""
                    },
                    "colorscale": [
                      0,
                      0.1111111111111111,
                      "#7201a8",
                      "#9c179e",
                      "#bd3786",
                      0.5555555555555556,
                      0.6666666666666666,
                      0.7777777777777778,
                      "#fdca26",
                      1
                    ],
                    "type": "histogram2dcontour"
                  }
                ],
                "mesh3d": [
                  {
                    "colorbar": {
                      "outlinewidth": 0,
                      "ticks": ""
                    },
                    "type": "mesh3d"
                  }
                ],
                "parcoords": [
                  {
                    "line": {
                      "colorbar": {
                        "outlinewidth": 0,
                        "ticks": ""
                      }
                    },
                    "type": "parcoords"
                  }
                ],
                "pie": [
                  {
                    "automargin": true,
                    "type": "pie"
                  }
                ],
                "scatter": [
                  {
                    "fillpattern": {
                      "fillmode": "overlay",
                      "size": 10,
                      "solidity": 0.2
                    },
                    "type": "scatter"
                  }
                ],
                "scatter3d": [
                  {
                    "line": {
                      "colorbar": {
                        "outlinewidth": 0,
                        "ticks": ""
                      }
                    },
                    "marker": {
                      "colorbar": {
                        "outlinewidth": 0,
                        "ticks": ""
                      }
                    },
                    "type": "scatter3d"
                  }
                ],
                "scattercarpet": [
                  {
                    "marker": {
                      "colorbar": {
                        "outlinewidth": 0,
                        "ticks": ""
                      }
                    },
                    "type": "scattercarpet"
                  }
                ],
                "scattergeo": [
                  {
                    "marker": {
                      "colorbar": {
                        "outlinewidth": 0,
                        "ticks": ""
                      }
                    },
                    "type": "scattergeo"
                  }
                ],
                "scattergl": [
                  {
                    "marker": {
                      "colorbar": {
                        "outlinewidth": 0,
                        "ticks": ""
                      }
                    },
                    "type": "scattergl"
                  }
                ],
                "scattermap": [
                  {
                    "marker": {
                      "colorbar": {
                        "outlinewidth": 0,
                        "ticks": ""
                      }
                    },
                    "type": "scattermap"
                  }
                ],
                "scattermapbox": [
                  {
                    "marker": {
                      "colorbar": {
                        "outlinewidth": 0,
                        "ticks": ""
                      }
                    },
                    "type": "scattermapbox"
                  }
                ],
                "scatterpolar": [
                  {
                    "marker": {
                      "colorbar": {
                        "outlinewidth": 0,
                        "ticks": ""
                      }
                    },
                    "type": "scatterpolar"
                  }
                ],
                "scatterpolargl": [
                  {
                    "marker": {
                      "colorbar": {
                        "outlinewidth": 0,
                        "ticks": ""
                      }
                    },
                    "type": "scatterpolargl"
                  }
                ],
                "scatterternary": [
                  {
                    "marker": {
                      "colorbar": {
                        "outlinewidth": 0,
                        "ticks": ""
                      }
                    },
                    "type": "scatterternary"
                  }
                ],
                "surface": [
                  {
                    "colorbar": {
                      "outlinewidth": 0,
                      "ticks": ""
                    },
                    "colorscale": [
                      0,
                      0.1111111111111111,
                      "#7201a8",
                      0.3333333333333333,
                      0.4444444444444444,
                      "#d8576b",
                      "#ed7953",
                      "#fb9f3a",
                      "#fdca26",
                      "#f0f921"
                    ],
                    "type": "surface"
                  }
                ],
                "table": [
                  {
                    "cells": {
                      "fill": {
                        "color": "#EBF0F8"
                      },
                      "line": {
                        "color": "white"
                      }
                    },
                    "header": {
                      "fill": {
                        "color": "#C8D4E3"
                      },
                      "line": {
                        "color": "white"
                      }
                    },
                    "type": "table"
                  }
                ]
              },
              "layout": {
                "annotationdefaults": {
                  "arrowcolor": "#2a3f5f",
                  "arrowhead": 0,
                  "arrowwidth": 1
                },
                "autotypenumbers": "strict",
                "coloraxis": {
                  "colorbar": {
                    "outlinewidth": 0,
                    "ticks": ""
                  }
                },
                "colorscale": {
                  "diverging": [
                    "#8e0152",
                    "#c51b7d",
                    0.2,
                    "#f1b6da",
                    "#fde0ef",
                    0.5,
                    0.6,
                    0.7,
                    0.8,
                    0.9,
                    1
                  ],
                  "sequential": [
                    "#0d0887",
                    0.1111111111111111,
                    0.2222222222222222,
                    0.3333333333333333,
                    "#bd3786",
                    0.5555555555555556,
                    "#ed7953",
                    0.7777777777777778,
                    "#fdca26",
                    "#f0f921"
                  ],
                  "sequentialminus": [
                    "#0d0887",
                    "#46039f",
                    "#7201a8",
                    "#9c179e",
                    "#bd3786",
                    0.5555555555555556,
                    0.6666666666666666,
                    "#fb9f3a",
                    0.8888888888888888,
                    "#f0f921"
                  ]
                },
                "colorway": [
                  "#636efa",
                  "#EF553B",
                  "#00cc96",
                  "#ab63fa",
                  "#FFA15A",
                  "#19d3f3",
                  "#FF6692",
                  "#B6E880",
                  "#FF97FF",
                  "#FECB52"
                ],
                "font": {
                  "color": "#2a3f5f"
                },
                "geo": {
                  "bgcolor": "white",
                  "lakecolor": "white",
                  "landcolor": "#E5ECF6",
                  "showlakes": true,
                  "showland": true,
                  "subunitcolor": "white"
                },
                "hoverlabel": {
                  "align": "left"
                },
                "hovermode": "closest",
                "mapbox": {
                  "style": "light"
                },
                "paper_bgcolor": "white",
                "plot_bgcolor": "#E5ECF6",
                "polar": {
                  "angularaxis": {
                    "gridcolor": "white",
                    "linecolor": "white",
                    "ticks": ""
                  },
                  "bgcolor": "#E5ECF6",
                  "radialaxis": {
                    "gridcolor": "white",
                    "linecolor": "white",
                    "ticks": ""
                  }
                },
                "scene": {
                  "xaxis": {
                    "backgroundcolor": "#E5ECF6",
                    "gridcolor": "white",
                    "gridwidth": 2,
                    "linecolor": "white",
                    "showbackground": true,
                    "ticks": "",
                    "zerolinecolor": "white"
                  },
                  "yaxis": {
                    "backgroundcolor": "#E5ECF6",
                    "gridcolor": "white",
                    "gridwidth": 2,
                    "linecolor": "white",
                    "showbackground": true,
                    "ticks": "",
                    "zerolinecolor": "white"
                  },
                  "zaxis": {
                    "backgroundcolor": "#E5ECF6",
                    "gridcolor": "white",
                    "gridwidth": 2,
                    "linecolor": "white",
                    "showbackground": true,
                    "ticks": "",
                    "zerolinecolor": "white"
                  }
                },
                "shapedefaults": {
                  "line": {
                    "color": "#2a3f5f"
                  }
                },
                "ternary": {
                  "aaxis": {
                    "gridcolor": "white",
                    "linecolor": "white",
                    "ticks": ""
                  },
                  "baxis": {
                    "gridcolor": "white",
                    "linecolor": "white",
                    "ticks": ""
                  },
                  "bgcolor": "#E5ECF6",
                  "caxis": {
                    "gridcolor": "white",
                    "linecolor": "white",
                    "ticks": ""
                  }
                },
                "title": {
                  "x": 0.05
                },
                "xaxis": {
                  "automargin": true,
                  "gridcolor": "white",
                  "linecolor": "white",
                  "ticks": "",
                  "title": {
                    "standoff": 15
                  },
                  "zerolinecolor": "white",
                  "zerolinewidth": 2
                },
                "yaxis": {
                  "automargin": true,
                  "gridcolor": "white",
                  "linecolor": "white",
                  "ticks": "",
                  "title": {
                    "standoff": 15
                  },
                  "zerolinecolor": "white",
                  "zerolinewidth": 2
                }
              }
            },
            "title": {
              "text": "Price of Avocados by Region"
            },
            "xaxis": {
              "title": {
                "text": "Regions"
              }
            },
            "yaxis": {
              "title": {
                "text": "Price ($)"
              }
            }
          }
        },
        {
          "data": [
            {
              "marker": {
                "color": "purple"
              },
              "name": "Sales",
              "opacity": 0.5,
              "type": "bar",
              "x": [
                "great_lakes",
                "midsouth",
                "northeast",
                "northern_new_england",
                "southcentral",
                "southeast",
                "west",
                "plains"
              ],
              "y": [
                3.50819768,
                3.8645434,
                4.46022391,
                0.917984,
                4.74101614,
                3.84072787,
                5.62900352,
                2.95956766
              ]
            },
            {
              "marker": {
                "color": "orange"
              },
              "name": "Waste",
              "opacity": 0.5,
              "type": "bar",
              "x": [
                "great_lakes",
                "midsouth",
                "northeast",
                "northern_new_england",
                "southcentral",
                "southeast",
                "west",
                "plains"
              ],
              "y": [
                0,
                0.07873582,
                0,
                0,
                0,
                0,
                0,
                0
              ]
            }
          ],
          "layout": {
            "barmode": "group",
            "template": {
              "data": {
                "bar": [
                  {
                    "error_x": {
                      "color": "#2a3f5f"
                    },
                    "error_y": {
                      "color": "#2a3f5f"
                    },
                    "marker": {
                      "line": {
                        "color": "#E5ECF6",
                        "width": 0.5
                      },
                      "pattern": {
                        "fillmode": "overlay",
                        "size": 10,
                        "solidity": 0.2
                      }
                    },
                    "type": "bar"
                  }
                ],
                "barpolar": [
                  {
                    "marker": {
                      "line": {
                        "color": "#E5ECF6",
                        "width": 0.5
                      },
                      "pattern": {
                        "fillmode": "overlay",
                        "size": 10,
                        "solidity": 0.2
                      }
                    },
                    "type": "barpolar"
                  }
                ],
                "carpet": [
                  {
                    "aaxis": {
                      "endlinecolor": "#2a3f5f",
                      "gridcolor": "white",
                      "linecolor": "white",
                      "minorgridcolor": "white",
                      "startlinecolor": "#2a3f5f"
                    },
                    "baxis": {
                      "endlinecolor": "#2a3f5f",
                      "gridcolor": "white",
                      "linecolor": "white",
                      "minorgridcolor": "white",
                      "startlinecolor": "#2a3f5f"
                    },
                    "type": "carpet"
                  }
                ],
                "choropleth": [
                  {
                    "colorbar": {
                      "outlinewidth": 0,
                      "ticks": ""
                    },
                    "type": "choropleth"
                  }
                ],
                "contour": [
                  {
                    "colorbar": {
                      "outlinewidth": 0,
                      "ticks": ""
                    },
                    "colorscale": [
                      0,
                      0.1111111111111111,
                      "#7201a8",
                      0.3333333333333333,
                      0.4444444444444444,
                      "#d8576b",
                      0.6666666666666666,
                      "#fb9f3a",
                      "#fdca26",
                      "#f0f921"
                    ],
                    "type": "contour"
                  }
                ],
                "contourcarpet": [
                  {
                    "colorbar": {
                      "outlinewidth": 0,
                      "ticks": ""
                    },
                    "type": "contourcarpet"
                  }
                ],
                "heatmap": [
                  {
                    "colorbar": {
                      "outlinewidth": 0,
                      "ticks": ""
                    },
                    "colorscale": [
                      0,
                      "#46039f",
                      "#7201a8",
                      0.3333333333333333,
                      0.4444444444444444,
                      "#d8576b",
                      0.6666666666666666,
                      "#fb9f3a",
                      "#fdca26",
                      1
                    ],
                    "type": "heatmap"
                  }
                ],
                "histogram": [
                  {
                    "marker": {
                      "pattern": {
                        "fillmode": "overlay",
                        "size": 10,
                        "solidity": 0.2
                      }
                    },
                    "type": "histogram"
                  }
                ],
                "histogram2d": [
                  {
                    "colorbar": {
                      "outlinewidth": 0,
                      "ticks": ""
                    },
                    "colorscale": [
                      0,
                      0.1111111111111111,
                      0.2222222222222222,
                      "#9c179e",
                      0.4444444444444444,
                      "#d8576b",
                      "#ed7953",
                      0.7777777777777778,
                      0.8888888888888888,
                      1
                    ],
                    "type": "histogram2d"
                  }
                ],
                "histogram2dcontour": [
                  {
                    "colorbar": {
                      "outlinewidth": 0,
                      "ticks": ""
                    },
                    "colorscale": [
                      0,
                      "#46039f",
                      0.2222222222222222,
                      0.3333333333333333,
                      "#bd3786",
                      "#d8576b",
                      0.6666666666666666,
                      0.7777777777777778,
                      0.8888888888888888,
                      "#f0f921"
                    ],
                    "type": "histogram2dcontour"
                  }
                ],
                "mesh3d": [
                  {
                    "colorbar": {
                      "outlinewidth": 0,
                      "ticks": ""
                    },
                    "type": "mesh3d"
                  }
                ],
                "parcoords": [
                  {
                    "line": {
                      "colorbar": {
                        "outlinewidth": 0,
                        "ticks": ""
                      }
                    },
                    "type": "parcoords"
                  }
                ],
                "pie": [
                  {
                    "automargin": true,
                    "type": "pie"
                  }
                ],
                "scatter": [
                  {
                    "fillpattern": {
                      "fillmode": "overlay",
                      "size": 10,
                      "solidity": 0.2
                    },
                    "type": "scatter"
                  }
                ],
                "scatter3d": [
                  {
                    "line": {
                      "colorbar": {
                        "outlinewidth": 0,
                        "ticks": ""
                      }
                    },
                    "marker": {
                      "colorbar": {
                        "outlinewidth": 0,
                        "ticks": ""
                      }
                    },
                    "type": "scatter3d"
                  }
                ],
                "scattercarpet": [
                  {
                    "marker": {
                      "colorbar": {
                        "outlinewidth": 0,
                        "ticks": ""
                      }
                    },
                    "type": "scattercarpet"
                  }
                ],
                "scattergeo": [
                  {
                    "marker": {
                      "colorbar": {
                        "outlinewidth": 0,
                        "ticks": ""
                      }
                    },
                    "type": "scattergeo"
                  }
                ],
                "scattergl": [
                  {
                    "marker": {
                      "colorbar": {
                        "outlinewidth": 0,
                        "ticks": ""
                      }
                    },
                    "type": "scattergl"
                  }
                ],
                "scattermap": [
                  {
                    "marker": {
                      "colorbar": {
                        "outlinewidth": 0,
                        "ticks": ""
                      }
                    },
                    "type": "scattermap"
                  }
                ],
                "scattermapbox": [
                  {
                    "marker": {
                      "colorbar": {
                        "outlinewidth": 0,
                        "ticks": ""
                      }
                    },
                    "type": "scattermapbox"
                  }
                ],
                "scatterpolar": [
                  {
                    "marker": {
                      "colorbar": {
                        "outlinewidth": 0,
                        "ticks": ""
                      }
                    },
                    "type": "scatterpolar"
                  }
                ],
                "scatterpolargl": [
                  {
                    "marker": {
                      "colorbar": {
                        "outlinewidth": 0,
                        "ticks": ""
                      }
                    },
                    "type": "scatterpolargl"
                  }
                ],
                "scatterternary": [
                  {
                    "marker": {
                      "colorbar": {
                        "outlinewidth": 0,
                        "ticks": ""
                      }
                    },
                    "type": "scatterternary"
                  }
                ],
                "surface": [
                  {
                    "colorbar": {
                      "outlinewidth": 0,
                      "ticks": ""
                    },
                    "colorscale": [
                      0,
                      "#46039f",
                      "#7201a8",
                      0.3333333333333333,
                      "#bd3786",
                      0.5555555555555556,
                      0.6666666666666666,
                      "#fb9f3a",
                      0.8888888888888888,
                      1
                    ],
                    "type": "surface"
                  }
                ],
                "table": [
                  {
                    "cells": {
                      "fill": {
                        "color": "#EBF0F8"
                      },
                      "line": {
                        "color": "white"
                      }
                    },
                    "header": {
                      "fill": {
                        "color": "#C8D4E3"
                      },
                      "line": {
                        "color": "white"
                      }
                    },
                    "type": "table"
                  }
                ]
              },
              "layout": {
                "annotationdefaults": {
                  "arrowcolor": "#2a3f5f",
                  "arrowhead": 0,
                  "arrowwidth": 1
                },
                "autotypenumbers": "strict",
                "coloraxis": {
                  "colorbar": {
                    "outlinewidth": 0,
                    "ticks": ""
                  }
                },
                "colorscale": {
                  "diverging": [
                    "#8e0152",
                    "#c51b7d",
                    "#de77ae",
                    0.3,
                    "#fde0ef",
                    "#f7f7f7",
                    0.6,
                    "#b8e186",
                    0.8,
                    "#4d9221",
                    1
                  ],
                  "sequential": [
                    0,
                    "#46039f",
                    "#7201a8",
                    "#9c179e",
                    0.4444444444444444,
                    "#d8576b",
                    0.6666666666666666,
                    0.7777777777777778,
                    "#fdca26",
                    "#f0f921"
                  ],
                  "sequentialminus": [
                    0,
                    0.1111111111111111,
                    "#7201a8",
                    "#9c179e",
                    0.4444444444444444,
                    "#d8576b",
                    0.6666666666666666,
                    "#fb9f3a",
                    0.8888888888888888,
                    1
                  ]
                },
                "colorway": [
                  "#636efa",
                  "#EF553B",
                  "#00cc96",
                  "#ab63fa",
                  "#FFA15A",
                  "#19d3f3",
                  "#FF6692",
                  "#B6E880",
                  "#FF97FF",
                  "#FECB52"
                ],
                "font": {
                  "color": "#2a3f5f"
                },
                "geo": {
                  "bgcolor": "white",
                  "lakecolor": "white",
                  "landcolor": "#E5ECF6",
                  "showlakes": true,
                  "showland": true,
                  "subunitcolor": "white"
                },
                "hoverlabel": {
                  "align": "left"
                },
                "hovermode": "closest",
                "mapbox": {
                  "style": "light"
                },
                "paper_bgcolor": "white",
                "plot_bgcolor": "#E5ECF6",
                "polar": {
                  "angularaxis": {
                    "gridcolor": "white",
                    "linecolor": "white",
                    "ticks": ""
                  },
                  "bgcolor": "#E5ECF6",
                  "radialaxis": {
                    "gridcolor": "white",
                    "linecolor": "white",
                    "ticks": ""
                  }
                },
                "scene": {
                  "xaxis": {
                    "backgroundcolor": "#E5ECF6",
                    "gridcolor": "white",
                    "gridwidth": 2,
                    "linecolor": "white",
                    "showbackground": true,
                    "ticks": "",
                    "zerolinecolor": "white"
                  },
                  "yaxis": {
                    "backgroundcolor": "#E5ECF6",
                    "gridcolor": "white",
                    "gridwidth": 2,
                    "linecolor": "white",
                    "showbackground": true,
                    "ticks": "",
                    "zerolinecolor": "white"
                  },
                  "zaxis": {
                    "backgroundcolor": "#E5ECF6",
                    "gridcolor": "white",
                    "gridwidth": 2,
                    "linecolor": "white",
                    "showbackground": true,
                    "ticks": "",
                    "zerolinecolor": "white"
                  }
                },
                "shapedefaults": {
                  "line": {
                    "color": "#2a3f5f"
                  }
                },
                "ternary": {
                  "aaxis": {
                    "gridcolor": "white",
                    "linecolor": "white",
                    "ticks": ""
                  },
                  "baxis": {
                    "gridcolor": "white",
                    "linecolor": "white",
                    "ticks": ""
                  },
                  "bgcolor": "#E5ECF6",
                  "caxis": {
                    "gridcolor": "white",
                    "linecolor": "white",
                    "ticks": ""
                  }
                },
                "title": {
                  "x": 0.05
                },
                "xaxis": {
                  "automargin": true,
                  "gridcolor": "white",
                  "linecolor": "white",
                  "ticks": "",
                  "title": {
                    "standoff": 15
                  },
                  "zerolinecolor": "white",
                  "zerolinewidth": 2
                },
                "yaxis": {
                  "automargin": true,
                  "gridcolor": "white",
                  "linecolor": "white",
                  "ticks": "",
                  "title": {
                    "standoff": 15
                  },
                  "zerolinecolor": "white",
                  "zerolinewidth": 2
                }
              }
            },
            "title": {
              "text": "Sales and Waste by Region"
            },
            "xaxis": {
              "title": {
                "text": "Regions"
              }
            },
            "yaxis": {
              "title": {
                "text": "Values"
              }
            }
          }
        }
      ],
      "content_type": "json",
      "name": "Plotly example",
      "visual": {
        "label": "pricing charts",
        "schema": "plotly",
        "type": "custom-tab"
      }
    }
  ],
  "options": {
    "duration": 30,
    "input": "input.json",
    "license_used": "demo",
    "model": "../../../python-ampl-priceoptimization",
    "output": "output.json",
    "provider": "highs"
  },
  "solution": {
    "price": {
      "great_lakes": 1.78,
      "midsouth": 1.51,
      "northeast": 2,
      "northern_new_england": 1.59,
      "plains": 1.21,
      "southcentral": 2,
      "southeast": 1.9,
      "west": 2
    },
    "quantity": {
      "great_lakes": 3.50819768,
      "midsouth": 3.94327922,
      "northeast": 4.46022391,
      "northern_new_england": 0.917984,
      "plains": 2.95956766,
      "southcentral": 4.74101614,
      "southeast": 3.84072787,
      "west": 5.62900352
    },
    "regions": [
      "great_lakes",
      "midsouth",
      "northeast",
      "northern_new_england",
      "southcentral",
      "southeast",
      "west",
      "plains"
    ]
  },
  "statistics": {
    "result": {
      "custom": {
        "constraints": 41,
        "expected_demand": {
          "great_lakes": 3.50819768,
          "midsouth": 3.8645434,
          "northeast": 4.46022391,
          "northern_new_england": 0.917984,
          "plains": 1.2121712,
          "southcentral": 6.48841261,
          "southeast": 3.61119424,
          "west": 5.85853716
        },
        "expected_sales": {
          "great_lakes": 3.50819768,
          "midsouth": 3.8645434,
          "northeast": 4.46022391,
          "northern_new_england": 0.917984,
          "plains": 2.95956766,
          "southcentral": 4.74101614,
          "southeast": 3.84072787,
          "west": 5.62900352
        },
        "expected_waste": {
          "great_lakes": 0,
          "midsouth": 0.07873582,
          "northeast": 0,
          "northern_new_england": 0,
          "plains": 0,
          "southcentral": 0,
          "southeast": 0,
          "west": 0
        },
        "status": "optimal",
        "variables": 56
      },
      "duration": 0.123,
      "value": 46.4511927332535
    },
    "run": {
      "duration": 0.123
    },
    "schema": "v1"
  }
}
