Solving Cutting Stock Problem:
-   Number of Materials: 4
New pattern! Value: -0.2857142857142856
New pattern! Value: -0.16666666666666652
Objective Value: 453.0
  pattern 1 49.0 times:
    Kraft: 2.0
  pattern 2 100.0 times:
    Newsprint: 2.0
  pattern 5 106.0 times:
    Newsprint: 2.0
    Lightweight: 2.0
  pattern 6 198.0 times:
    Newsprint: 1.0
    Coated: 2.0
