Requirement already satisfied: xpress==9.8.0 in ./.venv/lib/python3.13/site-packages (from -r requirements.txt (line 1)) (9.8.0)
Requirement already satisfied: nextmv==0.40.0 in ./.venv/lib/python3.13/site-packages (from -r requirements.txt (line 2)) (0.40.0)
Requirement already satisfied: numpy>=1.19 in ./.venv/lib/python3.13/site-packages (from xpress==9.8.0->-r requirements.txt (line 1)) (2.4.1)
Requirement already satisfied: xpresslibs==9.8.0 in ./.venv/lib/python3.13/site-packages (from xpress==9.8.0->-r requirements.txt (line 1)) (9.8.0)
Requirement already satisfied: pydantic>=2.5.2 in ./.venv/lib/python3.13/site-packages (from nextmv==0.40.0->-r requirements.txt (line 2)) (2.12.5)
Requirement already satisfied: pyyaml>=6.0.1 in ./.venv/lib/python3.13/site-packages (from nextmv==0.40.0->-r requirements.txt (line 2)) (6.0.3)
Requirement already satisfied: requests>=2.31.0 in ./.venv/lib/python3.13/site-packages (from nextmv==0.40.0->-r requirements.txt (line 2)) (2.32.4)
Requirement already satisfied: typer>=0.20.1 in ./.venv/lib/python3.13/site-packages (from nextmv==0.40.0->-r requirements.txt (line 2)) (0.21.1)
Requirement already satisfied: urllib3>=2.1.0 in ./.venv/lib/python3.13/site-packages (from nextmv==0.40.0->-r requirements.txt (line 2)) (2.6.3)
Requirement already satisfied: annotated-types>=0.6.0 in ./.venv/lib/python3.13/site-packages (from pydantic>=2.5.2->nextmv==0.40.0->-r requirements.txt (line 2)) (0.7.0)
Requirement already satisfied: pydantic-core==2.41.5 in ./.venv/lib/python3.13/site-packages (from pydantic>=2.5.2->nextmv==0.40.0->-r requirements.txt (line 2)) (2.41.5)
Requirement already satisfied: typing-extensions>=4.14.1 in ./.venv/lib/python3.13/site-packages (from pydantic>=2.5.2->nextmv==0.40.0->-r requirements.txt (line 2)) (4.15.0)
Requirement already satisfied: typing-inspection>=0.4.2 in ./.venv/lib/python3.13/site-packages (from pydantic>=2.5.2->nextmv==0.40.0->-r requirements.txt (line 2)) (0.4.2)
Requirement already satisfied: charset_normalizer<4,>=2 in ./.venv/lib/python3.13/site-packages (from requests>=2.31.0->nextmv==0.40.0->-r requirements.txt (line 2)) (3.4.4)
Requirement already satisfied: idna<4,>=2.5 in ./.venv/lib/python3.13/site-packages (from requests>=2.31.0->nextmv==0.40.0->-r requirements.txt (line 2)) (3.11)
Requirement already satisfied: certifi>=2017.4.17 in ./.venv/lib/python3.13/site-packages (from requests>=2.31.0->nextmv==0.40.0->-r requirements.txt (line 2)) (2026.1.4)
Requirement already satisfied: click>=8.0.0 in ./.venv/lib/python3.13/site-packages (from typer>=0.20.1->nextmv==0.40.0->-r requirements.txt (line 2)) (8.1.8)
Requirement already satisfied: shellingham>=1.3.0 in ./.venv/lib/python3.13/site-packages (from typer>=0.20.1->nextmv==0.40.0->-r requirements.txt (line 2)) (1.5.4)
Requirement already satisfied: rich>=10.11.0 in ./.venv/lib/python3.13/site-packages (from typer>=0.20.1->nextmv==0.40.0->-r requirements.txt (line 2)) (14.2.0)
Requirement already satisfied: markdown-it-py>=2.2.0 in ./.venv/lib/python3.13/site-packages (from rich>=10.11.0->typer>=0.20.1->nextmv==0.40.0->-r requirements.txt (line 2)) (4.0.0)
Requirement already satisfied: pygments<3.0.0,>=2.13.0 in ./.venv/lib/python3.13/site-packages (from rich>=10.11.0->typer>=0.20.1->nextmv==0.40.0->-r requirements.txt (line 2)) (2.19.2)
Requirement already satisfied: mdurl~=0.1 in ./.venv/lib/python3.13/site-packages (from markdown-it-py>=2.2.0->rich>=10.11.0->typer>=0.20.1->nextmv==0.40.0->-r requirements.txt (line 2)) (0.1.2)
