Using the Community license in this session. If you have a full Xpress license, pass the full path to your license file to xpress.init(). If you want to use the FICO Community license and no longer want to see this message, use the following code before using the xpress module:
  xpress.init('/home/marius/.asdf/installs/python/3.11.8/lib/python3.11/site-packages/xpress/license/community-xpauth.xpr')
