{
  "assets": [],
  "metrics": {
    "constraints": 195,
    "objective_value": 3604.088114164565,
    "run_duration": 0.123,
    "solver_duration": 0.123,
    "status": "optimal",
    "variables": 1134
  },
  "options": {
    "duration": 30,
    "provider": "SCIP"
  },
  "solution": {
    "assignments": {
      "32351": "hub-osn",
      "33330": "hub-beck",
      "33332": "hub-beck",
      "33334": "hub-beck",
      "33378": "hub-beck",
      "33397": "hub-beck",
      "33428": "hub-war",
      "33442": "hub-war",
      "33449": "hub-beck",
      "33649": "hub-war",
      "33775": "hub-war",
      "33790": "hub-war",
      "33803": "hub-war",
      "33824": "hub-osn",
      "33829": "hub-war",
      "44532": "hub-lued",
      "44534": "hub-lued",
      "45657": "hub-lued",
      "45659": "hub-lued",
      "45665": "hub-lued",
      "45701": "hub-lued",
      "45711": "hub-lued",
      "45721": "hub-lued",
      "45731": "hub-lued",
      "45739": "hub-lued",
      "45768": "hub-bor",
      "45770": "hub-lued",
      "45772": "hub-lued",
      "45896": "hub-bor",
      "46244": "hub-bor",
      "46282": "hub-bor",
      "46284": "hub-bor",
      "46286": "hub-bor",
      "46325": "hub-bor",
      "46342": "hub-bor",
      "46348": "hub-bor",
      "46354": "hub-bor",
      "46359": "hub-bor",
      "46395": "hub-bor",
      "46397": "hub-bor",
      "46399": "hub-bor",
      "46414": "hub-bor",
      "46419": "hub-bor",
      "46459": "hub-bor",
      "46483": "hub-bor",
      "46485": "hub-bor",
      "46487": "hub-bor",
      "46499": "hub-bor",
      "46514": "hub-bor",
      "46519": "hub-bor",
      "46562": "hub-bor",
      "46569": "hub-bor",
      "48143": "hub-war",
      "48145": "hub-war",
      "48147": "hub-war",
      "48149": "hub-war",
      "48151": "hub-war",
      "48153": "hub-war",
      "48155": "hub-war",
      "48157": "hub-war",
      "48159": "hub-st",
      "48161": "hub-lued",
      "48163": "hub-lued",
      "48165": "hub-war",
      "48167": "hub-war",
      "48231": "hub-war",
      "48249": "hub-lued",
      "48268": "hub-st",
      "48282": "hub-st",
      "48291": "hub-war",
      "48301": "hub-lued",
      "48308": "hub-lued",
      "48317": "hub-war",
      "48324": "hub-war",
      "48329": "hub-lued",
      "48336": "hub-war",
      "48341": "hub-st",
      "48346": "hub-war",
      "48351": "hub-war",
      "48356": "hub-st",
      "48361": "hub-war",
      "48366": "hub-st",
      "48369": "hub-st",
      "48429": "hub-st",
      "48431": "hub-st",
      "48432": "hub-st",
      "48455": "hub-st",
      "48465": "hub-st",
      "48477": "hub-st",
      "48480": "hub-st",
      "48485": "hub-st",
      "48488": "hub-st",
      "48493": "hub-st",
      "48496": "hub-st",
      "48499": "hub-st",
      "48527": "hub-st",
      "48529": "hub-st",
      "48531": "hub-st",
      "48565": "hub-st",
      "48599": "hub-st",
      "48607": "hub-st",
      "48612": "hub-st",
      "48619": "hub-st",
      "48624": "hub-st",
      "48629": "hub-st",
      "48653": "hub-bor",
      "48683": "hub-st",
      "48691": "hub-bor",
      "48703": "hub-bor",
      "48712": "hub-bor",
      "48720": "hub-st",
      "48727": "hub-st",
      "48734": "hub-bor",
      "48739": "hub-st",
      "49074": "hub-osn",
      "49076": "hub-osn",
      "49078": "hub-osn",
      "49080": "hub-osn",
      "49082": "hub-osn",
      "49084": "hub-osn",
      "49086": "hub-osn",
      "49088": "hub-osn",
      "49090": "hub-osn",
      "49124": "hub-osn",
      "49134": "hub-osn",
      "49143": "hub-osn",
      "49152": "hub-osn",
      "49163": "hub-osn",
      "49170": "hub-osn",
      "49176": "hub-osn",
      "49179": "hub-osn",
      "49186": "hub-osn",
      "49191": "hub-osn",
      "49196": "hub-war",
      "49201": "hub-osn",
      "49205": "hub-osn",
      "49214": "hub-war",
      "49219": "hub-war",
      "49324": "hub-osn",
      "49326": "hub-osn",
      "49328": "hub-osn",
      "49434": "hub-osn",
      "49448": "hub-osn",
      "49477": "hub-osn",
      "49479": "hub-osn",
      "49492": "hub-osn",
      "49497": "hub-osn",
      "49504": "hub-osn",
      "49509": "hub-osn",
      "49525": "hub-osn",
      "49536": "hub-osn",
      "49545": "hub-osn",
      "49549": "hub-war",
      "49565": "hub-osn",
      "49586": "hub-osn",
      "49599": "hub-osn",
      "49811": "hub-st",
      "49828": "hub-st",
      "49832": "hub-st",
      "49843": "hub-st",
      "59063": "hub-beck",
      "59065": "hub-beck",
      "59067": "hub-beck",
      "59069": "hub-beck",
      "59071": "hub-beck",
      "59073": "hub-beck",
      "59075": "hub-beck",
      "59077": "hub-lued",
      "59192": "hub-lued",
      "59227": "hub-beck",
      "59229": "hub-beck",
      "59269": "hub-beck",
      "59302": "hub-beck",
      "59320": "hub-war",
      "59329": "hub-beck",
      "59348": "hub-lued",
      "59368": "hub-lued",
      "59379": "hub-lued",
      "59387": "hub-lued",
      "59394": "hub-lued",
      "59399": "hub-lued",
      "59505": "hub-beck",
      "59510": "hub-beck",
      "59514": "hub-beck",
      "59555": "hub-beck",
      "59556": "hub-beck",
      "59557": "hub-beck",
      "59558": "hub-beck",
      "59597": "hub-beck"
    },
    "hubs": [
      {
        "capacity": 19976,
        "center": {
          "x": 7.42,
          "y": 51.771
        },
        "id": "hub-lued",
        "name": "Luedinghausen",
        "plz": "59348"
      },
      {
        "capacity": 17988,
        "center": {
          "x": 6.835,
          "y": 51.855
        },
        "id": "hub-bor",
        "name": "Borken",
        "plz": "46325"
      },
      {
        "capacity": 19408,
        "center": {
          "x": 8.031,
          "y": 51.766
        },
        "id": "hub-beck",
        "name": "Beckum",
        "plz": "59269"
      },
      {
        "capacity": 17420,
        "center": {
          "x": 7.36,
          "y": 52.126
        },
        "id": "hub-st",
        "name": "Steinfurt",
        "plz": "48565"
      },
      {
        "capacity": 19692,
        "center": {
          "x": 7.941,
          "y": 51.923
        },
        "id": "hub-war",
        "name": "Warendorf",
        "plz": "48231"
      },
      {
        "capacity": 19124,
        "center": {
          "x": 8.078,
          "y": 52.273
        },
        "id": "hub-osn",
        "name": "Osnabrueck",
        "plz": "49084"
      }
    ],
    "regions": [
      {
        "center": {
          "x": 7.512,
          "y": 51.857
        },
        "demand": 392,
        "id": "48308",
        "name": "Region 48308",
        "plz": "48308"
      },
      {
        "center": {
          "x": 7.27,
          "y": 51.853
        },
        "demand": 850,
        "id": "48249",
        "name": "Region 48249",
        "plz": "48249"
      },
      {
        "center": {
          "x": 7.803,
          "y": 51.853
        },
        "demand": 290,
        "id": "48324",
        "name": "Region 48324",
        "plz": "48324"
      },
      {
        "center": {
          "x": 7.72,
          "y": 51.803
        },
        "demand": 767,
        "id": "48317",
        "name": "Region 48317",
        "plz": "48317"
      },
      {
        "center": {
          "x": 7.66,
          "y": 51.765
        },
        "demand": 492,
        "id": "59387",
        "name": "Region 59387",
        "plz": "59387"
      },
      {
        "center": {
          "x": 7.541,
          "y": 51.714
        },
        "demand": 986,
        "id": "59394",
        "name": "Region 59394",
        "plz": "59394"
      },
      {
        "center": {
          "x": 7.652,
          "y": 51.683
        },
        "demand": 110,
        "id": "59368",
        "name": "Region 59368",
        "plz": "59368"
      },
      {
        "center": {
          "x": 7.42,
          "y": 51.771
        },
        "demand": 434,
        "id": "59348",
        "name": "Region 59348",
        "plz": "59348"
      },
      {
        "center": {
          "x": 7.382,
          "y": 51.697
        },
        "demand": 926,
        "id": "59399",
        "name": "Region 59399",
        "plz": "59399"
      },
      {
        "center": {
          "x": 7.469,
          "y": 51.687
        },
        "demand": 789,
        "id": "59379",
        "name": "Region 59379",
        "plz": "59379"
      },
      {
        "center": {
          "x": 7.397,
          "y": 51.623
        },
        "demand": 56,
        "id": "45731",
        "name": "Region 45731",
        "plz": "45731"
      },
      {
        "center": {
          "x": 7.249,
          "y": 51.652
        },
        "demand": 358,
        "id": "45739",
        "name": "Region 45739",
        "plz": "45739"
      },
      {
        "center": {
          "x": 7.176,
          "y": 51.738
        },
        "demand": 519,
        "id": "45721",
        "name": "Region 45721",
        "plz": "45721"
      },
      {
        "center": {
          "x": 7.329,
          "y": 51.656
        },
        "demand": 947,
        "id": "45711",
        "name": "Region 45711",
        "plz": "45711"
      },
      {
        "center": {
          "x": 6.822,
          "y": 51.758
        },
        "demand": 269,
        "id": "46348",
        "name": "Region 46348",
        "plz": "46348"
      },
      {
        "center": {
          "x": 6.617,
          "y": 51.75
        },
        "demand": 188,
        "id": "46499",
        "name": "Region 46499",
        "plz": "46499"
      },
      {
        "center": {
          "x": 8.078,
          "y": 52.507
        },
        "demand": 942,
        "id": "49434",
        "name": "Region 49434",
        "plz": "49434"
      },
      {
        "center": {
          "x": 7.35,
          "y": 52.311
        },
        "demand": 102,
        "id": "48499",
        "name": "Region 48499",
        "plz": "48499"
      },
      {
        "center": {
          "x": 7.336,
          "y": 52.423
        },
        "demand": 553,
        "id": "48488",
        "name": "Region 48488",
        "plz": "48488"
      },
      {
        "center": {
          "x": 7.325,
          "y": 52.224
        },
        "demand": 951,
        "id": "48493",
        "name": "Region 48493",
        "plz": "48493"
      },
      {
        "center": {
          "x": 7.139,
          "y": 52.222
        },
        "demand": 681,
        "id": "48607",
        "name": "Region 48607",
        "plz": "48607"
      },
      {
        "center": {
          "x": 7.091,
          "y": 52.292
        },
        "demand": 702,
        "id": "48455",
        "name": "Region 48455",
        "plz": "48455"
      },
      {
        "center": {
          "x": 7.018,
          "y": 52.211
        },
        "demand": 902,
        "id": "48599",
        "name": "Region 48599",
        "plz": "48599"
      },
      {
        "center": {
          "x": 6.772,
          "y": 52.065
        },
        "demand": 888,
        "id": "48691",
        "name": "Region 48691",
        "plz": "48691"
      },
      {
        "center": {
          "x": 6.945,
          "y": 51.997
        },
        "demand": 178,
        "id": "48703",
        "name": "Region 48703",
        "plz": "48703"
      },
      {
        "center": {
          "x": 6.927,
          "y": 52.134
        },
        "demand": 124,
        "id": "48683",
        "name": "Region 48683",
        "plz": "48683"
      },
      {
        "center": {
          "x": 7.101,
          "y": 52.147
        },
        "demand": 940,
        "id": "48619",
        "name": "Region 48619",
        "plz": "48619"
      },
      {
        "center": {
          "x": 7.117,
          "y": 52.028
        },
        "demand": 565,
        "id": "48739",
        "name": "Region 48739",
        "plz": "48739"
      },
      {
        "center": {
          "x": 7.215,
          "y": 52.134
        },
        "demand": 388,
        "id": "48629",
        "name": "Region 48629",
        "plz": "48629"
      },
      {
        "center": {
          "x": 7.236,
          "y": 52.075
        },
        "demand": 759,
        "id": "48624",
        "name": "Region 48624",
        "plz": "48624"
      },
      {
        "center": {
          "x": 7.301,
          "y": 52.086
        },
        "demand": 43,
        "id": "48612",
        "name": "Region 48612",
        "plz": "48612"
      },
      {
        "center": {
          "x": 7.351,
          "y": 52.06
        },
        "demand": 173,
        "id": "48366",
        "name": "Region 48366",
        "plz": "48366"
      },
      {
        "center": {
          "x": 7.36,
          "y": 52.126
        },
        "demand": 886,
        "id": "48565",
        "name": "Region 48565",
        "plz": "48565"
      },
      {
        "center": {
          "x": 7.482,
          "y": 52.101
        },
        "demand": 379,
        "id": "48356",
        "name": "Region 48356",
        "plz": "48356"
      },
      {
        "center": {
          "x": 7.473,
          "y": 52.034
        },
        "demand": 590,
        "id": "48341",
        "name": "Region 48341",
        "plz": "48341"
      },
      {
        "center": {
          "x": 7.465,
          "y": 51.972
        },
        "demand": 834,
        "id": "48329",
        "name": "Region 48329",
        "plz": "48329"
      },
      {
        "center": {
          "x": 7.203,
          "y": 52.024
        },
        "demand": 102,
        "id": "48720",
        "name": "Region 48720",
        "plz": "48720"
      },
      {
        "center": {
          "x": 7.335,
          "y": 52.002
        },
        "demand": 216,
        "id": "48727",
        "name": "Region 48727",
        "plz": "48727"
      },
      {
        "center": {
          "x": 7.14,
          "y": 51.917
        },
        "demand": 361,
        "id": "48653",
        "name": "Region 48653",
        "plz": "48653"
      },
      {
        "center": {
          "x": 7.328,
          "y": 51.914
        },
        "demand": 907,
        "id": "48301",
        "name": "Region 48301",
        "plz": "48301"
      },
      {
        "center": {
          "x": 7.039,
          "y": 51.95
        },
        "demand": 901,
        "id": "48712",
        "name": "Region 48712",
        "plz": "48712"
      },
      {
        "center": {
          "x": 7.079,
          "y": 51.822
        },
        "demand": 717,
        "id": "48734",
        "name": "Region 48734",
        "plz": "48734"
      },
      {
        "center": {
          "x": 6.919,
          "y": 51.894
        },
        "demand": 210,
        "id": "46342",
        "name": "Region 46342",
        "plz": "46342"
      },
      {
        "center": {
          "x": 6.938,
          "y": 51.804
        },
        "demand": 712,
        "id": "46359",
        "name": "Region 46359",
        "plz": "46359"
      },
      {
        "center": {
          "x": 6.831,
          "y": 51.94
        },
        "demand": 886,
        "id": "46354",
        "name": "Region 46354",
        "plz": "46354"
      },
      {
        "center": {
          "x": 6.835,
          "y": 51.855
        },
        "demand": 825,
        "id": "46325",
        "name": "Region 46325",
        "plz": "46325"
      },
      {
        "center": {
          "x": 6.73,
          "y": 51.837
        },
        "demand": 249,
        "id": "46414",
        "name": "Region 46414",
        "plz": "46414"
      },
      {
        "center": {
          "x": 6.836,
          "y": 51.702
        },
        "demand": 39,
        "id": "46514",
        "name": "Region 46514",
        "plz": "46514"
      },
      {
        "center": {
          "x": 6.781,
          "y": 51.652
        },
        "demand": 840,
        "id": "46569",
        "name": "Region 46569",
        "plz": "46569"
      },
      {
        "center": {
          "x": 6.66,
          "y": 51.607
        },
        "demand": 610,
        "id": "46562",
        "name": "Region 46562",
        "plz": "46562"
      },
      {
        "center": {
          "x": 6.51,
          "y": 51.601
        },
        "demand": 320,
        "id": "46519",
        "name": "Region 46519",
        "plz": "46519"
      },
      {
        "center": {
          "x": 6.417,
          "y": 51.85
        },
        "demand": 837,
        "id": "46419",
        "name": "Region 46419",
        "plz": "46419"
      },
      {
        "center": {
          "x": 6.435,
          "y": 51.788
        },
        "demand": 750,
        "id": "46459",
        "name": "Region 46459",
        "plz": "46459"
      },
      {
        "center": {
          "x": 7.78,
          "y": 52.13
        },
        "demand": 895,
        "id": "49549",
        "name": "Region 49549",
        "plz": "49549"
      },
      {
        "center": {
          "x": 7.983,
          "y": 52.076
        },
        "demand": 1000,
        "id": "49219",
        "name": "Region 49219",
        "plz": "49219"
      },
      {
        "center": {
          "x": 8.158,
          "y": 52.092
        },
        "demand": 729,
        "id": "49214",
        "name": "Region 49214",
        "plz": "49214"
      },
      {
        "center": {
          "x": 8.212,
          "y": 52.107
        },
        "demand": 351,
        "id": "49201",
        "name": "Region 49201",
        "plz": "49201"
      },
      {
        "center": {
          "x": 8.077,
          "y": 52.101
        },
        "demand": 790,
        "id": "49196",
        "name": "Region 49196",
        "plz": "49196"
      },
      {
        "center": {
          "x": 8.04,
          "y": 52.148
        },
        "demand": 691,
        "id": "49186",
        "name": "Region 49186",
        "plz": "49186"
      },
      {
        "center": {
          "x": 8.172,
          "y": 52.172
        },
        "demand": 239,
        "id": "49176",
        "name": "Region 49176",
        "plz": "49176"
      },
      {
        "center": {
          "x": 7.574,
          "y": 52.304
        },
        "demand": 568,
        "id": "48477",
        "name": "Region 48477",
        "plz": "48477"
      },
      {
        "center": {
          "x": 7.626,
          "y": 52.163
        },
        "demand": 146,
        "id": "48369",
        "name": "Region 48369",
        "plz": "48369"
      },
      {
        "center": {
          "x": 8.127,
          "y": 51.921
        },
        "demand": 407,
        "id": "48361",
        "name": "Region 48361",
        "plz": "48361"
      },
      {
        "center": {
          "x": 7.84,
          "y": 51.924
        },
        "demand": 383,
        "id": "48351",
        "name": "Region 48351",
        "plz": "48351"
      },
      {
        "center": {
          "x": 7.801,
          "y": 52.062
        },
        "demand": 773,
        "id": "48346",
        "name": "Region 48346",
        "plz": "48346"
      },
      {
        "center": {
          "x": 8.044,
          "y": 52.024
        },
        "demand": 552,
        "id": "48336",
        "name": "Region 48336",
        "plz": "48336"
      },
      {
        "center": {
          "x": 7.788,
          "y": 51.987
        },
        "demand": 599,
        "id": "48291",
        "name": "Region 48291",
        "plz": "48291"
      },
      {
        "center": {
          "x": 7.564,
          "y": 52.172
        },
        "demand": 420,
        "id": "48282",
        "name": "Region 48282",
        "plz": "48282"
      },
      {
        "center": {
          "x": 7.646,
          "y": 52.101
        },
        "demand": 103,
        "id": "48268",
        "name": "Region 48268",
        "plz": "48268"
      },
      {
        "center": {
          "x": 7.941,
          "y": 51.923
        },
        "demand": 531,
        "id": "48231",
        "name": "Region 48231",
        "plz": "48231"
      },
      {
        "center": {
          "x": 7.73,
          "y": 52.434
        },
        "demand": 799,
        "id": "49599",
        "name": "Region 49599",
        "plz": "49599"
      },
      {
        "center": {
          "x": 7.835,
          "y": 52.22
        },
        "demand": 372,
        "id": "49545",
        "name": "Region 49545",
        "plz": "49545"
      },
      {
        "center": {
          "x": 7.842,
          "y": 52.18
        },
        "demand": 848,
        "id": "49525",
        "name": "Region 49525",
        "plz": "49525"
      },
      {
        "center": {
          "x": 7.939,
          "y": 52.298
        },
        "demand": 61,
        "id": "49504",
        "name": "Region 49504",
        "plz": "49504"
      },
      {
        "center": {
          "x": 8.326,
          "y": 51.619
        },
        "demand": 438,
        "id": "59597",
        "name": "Region 59597",
        "plz": "59597"
      },
      {
        "center": {
          "x": 7.985,
          "y": 51.623
        },
        "demand": 996,
        "id": "59514",
        "name": "Region 59514",
        "plz": "59514"
      },
      {
        "center": {
          "x": 8.053,
          "y": 51.684
        },
        "demand": 890,
        "id": "59510",
        "name": "Region 59510",
        "plz": "59510"
      },
      {
        "center": {
          "x": 8.185,
          "y": 51.582
        },
        "demand": 634,
        "id": "59505",
        "name": "Region 59505",
        "plz": "59505"
      },
      {
        "center": {
          "x": 8.234,
          "y": 51.714
        },
        "demand": 234,
        "id": "59329",
        "name": "Region 59329",
        "plz": "59329"
      },
      {
        "center": {
          "x": 8.013,
          "y": 51.851
        },
        "demand": 396,
        "id": "59320",
        "name": "Region 59320",
        "plz": "59320"
      },
      {
        "center": {
          "x": 8.169,
          "y": 51.83
        },
        "demand": 544,
        "id": "59302",
        "name": "Region 59302",
        "plz": "59302"
      },
      {
        "center": {
          "x": 8.031,
          "y": 51.766
        },
        "demand": 532,
        "id": "59269",
        "name": "Region 59269",
        "plz": "59269"
      },
      {
        "center": {
          "x": 7.635,
          "y": 51.633
        },
        "demand": 846,
        "id": "59192",
        "name": "Region 59192",
        "plz": "59192"
      },
      {
        "center": {
          "x": 8.003,
          "y": 52.406
        },
        "demand": 836,
        "id": "49565",
        "name": "Region 49565",
        "plz": "49565"
      },
      {
        "center": {
          "x": 7.698,
          "y": 52.352
        },
        "demand": 478,
        "id": "49509",
        "name": "Region 49509",
        "plz": "49509"
      },
      {
        "center": {
          "x": 7.778,
          "y": 52.319
        },
        "demand": 375,
        "id": "49497",
        "name": "Region 49497",
        "plz": "49497"
      },
      {
        "center": {
          "x": 7.857,
          "y": 52.303
        },
        "demand": 607,
        "id": "49492",
        "name": "Region 49492",
        "plz": "49492"
      },
      {
        "center": {
          "x": 7.957,
          "y": 52.247
        },
        "demand": 138,
        "id": "49205",
        "name": "Region 49205",
        "plz": "49205"
      },
      {
        "center": {
          "x": 7.95,
          "y": 52.193
        },
        "demand": 207,
        "id": "49170",
        "name": "Region 49170",
        "plz": "49170"
      },
      {
        "center": {
          "x": 7.995,
          "y": 52.346
        },
        "demand": 560,
        "id": "49134",
        "name": "Region 49134",
        "plz": "49134"
      },
      {
        "center": {
          "x": 8.073,
          "y": 52.218
        },
        "demand": 92,
        "id": "49124",
        "name": "Region 49124",
        "plz": "49124"
      },
      {
        "center": {
          "x": 7.61,
          "y": 52.4
        },
        "demand": 191,
        "id": "48496",
        "name": "Region 48496",
        "plz": "48496"
      },
      {
        "center": {
          "x": 8.144,
          "y": 52.317
        },
        "demand": 772,
        "id": "49191",
        "name": "Region 49191",
        "plz": "49191"
      },
      {
        "center": {
          "x": 8.204,
          "y": 52.356
        },
        "demand": 134,
        "id": "49179",
        "name": "Region 49179",
        "plz": "49179"
      },
      {
        "center": {
          "x": 8.284,
          "y": 52.425
        },
        "demand": 998,
        "id": "49163",
        "name": "Region 49163",
        "plz": "49163"
      },
      {
        "center": {
          "x": 8.398,
          "y": 52.319
        },
        "demand": 501,
        "id": "49152",
        "name": "Region 49152",
        "plz": "49152"
      },
      {
        "center": {
          "x": 8.198,
          "y": 52.253
        },
        "demand": 644,
        "id": "49143",
        "name": "Region 49143",
        "plz": "49143"
      },
      {
        "center": {
          "x": 7.804,
          "y": 52.436
        },
        "demand": 778,
        "id": "49586",
        "name": "Region 49586",
        "plz": "49586"
      },
      {
        "center": {
          "x": 6.891,
          "y": 52.483
        },
        "demand": 612,
        "id": "49843",
        "name": "Region 49843",
        "plz": "49843"
      },
      {
        "center": {
          "x": 8.458,
          "y": 52.428
        },
        "demand": 265,
        "id": "32351",
        "name": "Region 32351",
        "plz": "32351"
      },
      {
        "center": {
          "x": 6.998,
          "y": 52.502
        },
        "demand": 868,
        "id": "49828",
        "name": "Region 49828",
        "plz": "49828"
      },
      {
        "center": {
          "x": 7.532,
          "y": 52.466
        },
        "demand": 454,
        "id": "49832",
        "name": "Region 49832",
        "plz": "49832"
      },
      {
        "center": {
          "x": 8.395,
          "y": 52.473
        },
        "demand": 991,
        "id": "49448",
        "name": "Region 49448",
        "plz": "49448"
      },
      {
        "center": {
          "x": 7.216,
          "y": 52.341
        },
        "demand": 251,
        "id": "48465",
        "name": "Region 48465",
        "plz": "48465"
      },
      {
        "center": {
          "x": 7.107,
          "y": 51.613
        },
        "demand": 289,
        "id": "45701",
        "name": "Region 45701",
        "plz": "45701"
      },
      {
        "center": {
          "x": 7.026,
          "y": 51.611
        },
        "demand": 197,
        "id": "45896",
        "name": "Region 45896",
        "plz": "45896"
      },
      {
        "center": {
          "x": 8.052,
          "y": 52.276
        },
        "demand": 964,
        "id": "49074",
        "name": "Region 49074",
        "plz": "49074"
      },
      {
        "center": {
          "x": 8.078,
          "y": 52.273
        },
        "demand": 195,
        "id": "49084",
        "name": "Region 49084",
        "plz": "49084"
      },
      {
        "center": {
          "x": 8.037,
          "y": 52.258
        },
        "demand": 131,
        "id": "49080",
        "name": "Region 49080",
        "plz": "49080"
      },
      {
        "center": {
          "x": 7.462,
          "y": 52.289
        },
        "demand": 367,
        "id": "48429",
        "name": "Region 48429",
        "plz": "48429"
      },
      {
        "center": {
          "x": 7.968,
          "y": 52.288
        },
        "demand": 36,
        "id": "49076",
        "name": "Region 49076",
        "plz": "49076"
      },
      {
        "center": {
          "x": 8.134,
          "y": 52.265
        },
        "demand": 99,
        "id": "49086",
        "name": "Region 49086",
        "plz": "49086"
      },
      {
        "center": {
          "x": 8.047,
          "y": 52.242
        },
        "demand": 117,
        "id": "49082",
        "name": "Region 49082",
        "plz": "49082"
      },
      {
        "center": {
          "x": 8.056,
          "y": 52.296
        },
        "demand": 96,
        "id": "49088",
        "name": "Region 49088",
        "plz": "49088"
      },
      {
        "center": {
          "x": 7.984,
          "y": 52.259
        },
        "demand": 327,
        "id": "49078",
        "name": "Region 49078",
        "plz": "49078"
      },
      {
        "center": {
          "x": 8.019,
          "y": 52.315
        },
        "demand": 449,
        "id": "49090",
        "name": "Region 49090",
        "plz": "49090"
      },
      {
        "center": {
          "x": 7.461,
          "y": 52.273
        },
        "demand": 625,
        "id": "48432",
        "name": "Region 48432",
        "plz": "48432"
      },
      {
        "center": {
          "x": 7.361,
          "y": 52.482
        },
        "demand": 322,
        "id": "49811",
        "name": "Region 49811",
        "plz": "49811"
      },
      {
        "center": {
          "x": 7.373,
          "y": 52.221
        },
        "demand": 516,
        "id": "48485",
        "name": "Region 48485",
        "plz": "48485"
      },
      {
        "center": {
          "x": 6.544,
          "y": 51.671
        },
        "demand": 141,
        "id": "46487",
        "name": "Region 46487",
        "plz": "46487"
      },
      {
        "center": {
          "x": 6.663,
          "y": 51.654
        },
        "demand": 704,
        "id": "46485",
        "name": "Region 46485",
        "plz": "46485"
      },
      {
        "center": {
          "x": 6.613,
          "y": 51.66
        },
        "demand": 430,
        "id": "46483",
        "name": "Region 46483",
        "plz": "46483"
      },
      {
        "center": {
          "x": 7.955,
          "y": 52.144
        },
        "demand": 859,
        "id": "49536",
        "name": "Region 49536",
        "plz": "49536"
      },
      {
        "center": {
          "x": 7.923,
          "y": 51.673
        },
        "demand": 623,
        "id": "59071",
        "name": "Region 59071",
        "plz": "59071"
      },
      {
        "center": {
          "x": 7.626,
          "y": 51.96
        },
        "demand": 653,
        "id": "48143",
        "name": "Region 48143",
        "plz": "48143"
      },
      {
        "center": {
          "x": 7.121,
          "y": 52.421
        },
        "demand": 97,
        "id": "48531",
        "name": "Region 48531",
        "plz": "48531"
      },
      {
        "center": {
          "x": 7.06,
          "y": 52.408
        },
        "demand": 858,
        "id": "48529",
        "name": "Region 48529",
        "plz": "48529"
      },
      {
        "center": {
          "x": 7.042,
          "y": 52.468
        },
        "demand": 376,
        "id": "48527",
        "name": "Region 48527",
        "plz": "48527"
      },
      {
        "center": {
          "x": 7.482,
          "y": 52.395
        },
        "demand": 329,
        "id": "48480",
        "name": "Region 48480",
        "plz": "48480"
      },
      {
        "center": {
          "x": 6.877,
          "y": 51.586
        },
        "demand": 975,
        "id": "46244",
        "name": "Region 46244",
        "plz": "46244"
      },
      {
        "center": {
          "x": 7.717,
          "y": 52.275
        },
        "demand": 474,
        "id": "49479",
        "name": "Region 49479",
        "plz": "49479"
      },
      {
        "center": {
          "x": 7.71,
          "y": 52.276
        },
        "demand": 302,
        "id": "49477",
        "name": "Region 49477",
        "plz": "49477"
      },
      {
        "center": {
          "x": 8.341,
          "y": 51.659
        },
        "demand": 748,
        "id": "59557",
        "name": "Region 59557",
        "plz": "59557"
      },
      {
        "center": {
          "x": 8.28,
          "y": 51.669
        },
        "demand": 15,
        "id": "59556",
        "name": "Region 59556",
        "plz": "59556"
      },
      {
        "center": {
          "x": 8.335,
          "y": 51.682
        },
        "demand": 910,
        "id": "59555",
        "name": "Region 59555",
        "plz": "59555"
      },
      {
        "center": {
          "x": 8.411,
          "y": 51.671
        },
        "demand": 328,
        "id": "59558",
        "name": "Region 59558",
        "plz": "59558"
      },
      {
        "center": {
          "x": 7.048,
          "y": 51.656
        },
        "demand": 157,
        "id": "45768",
        "name": "Region 45768",
        "plz": "45768"
      },
      {
        "center": {
          "x": 7.154,
          "y": 51.656
        },
        "demand": 119,
        "id": "45770",
        "name": "Region 45770",
        "plz": "45770"
      },
      {
        "center": {
          "x": 7.122,
          "y": 51.693
        },
        "demand": 770,
        "id": "45772",
        "name": "Region 45772",
        "plz": "45772"
      },
      {
        "center": {
          "x": 7.423,
          "y": 52.275
        },
        "demand": 509,
        "id": "48431",
        "name": "Region 48431",
        "plz": "48431"
      },
      {
        "center": {
          "x": 6.665,
          "y": 51.879
        },
        "demand": 114,
        "id": "46397",
        "name": "Region 46397",
        "plz": "46397"
      },
      {
        "center": {
          "x": 6.585,
          "y": 51.812
        },
        "demand": 783,
        "id": "46395",
        "name": "Region 46395",
        "plz": "46395"
      },
      {
        "center": {
          "x": 6.564,
          "y": 51.875
        },
        "demand": 353,
        "id": "46399",
        "name": "Region 46399",
        "plz": "46399"
      },
      {
        "center": {
          "x": 7.84,
          "y": 51.718
        },
        "demand": 560,
        "id": "59073",
        "name": "Region 59073",
        "plz": "59073"
      },
      {
        "center": {
          "x": 7.783,
          "y": 51.664
        },
        "demand": 154,
        "id": "59067",
        "name": "Region 59067",
        "plz": "59067"
      },
      {
        "center": {
          "x": 7.715,
          "y": 51.648
        },
        "demand": 224,
        "id": "59077",
        "name": "Region 59077",
        "plz": "59077"
      },
      {
        "center": {
          "x": 7.894,
          "y": 51.629
        },
        "demand": 756,
        "id": "59069",
        "name": "Region 59069",
        "plz": "59069"
      },
      {
        "center": {
          "x": 7.839,
          "y": 51.673
        },
        "demand": 82,
        "id": "59063",
        "name": "Region 59063",
        "plz": "59063"
      },
      {
        "center": {
          "x": 7.814,
          "y": 51.686
        },
        "demand": 76,
        "id": "59065",
        "name": "Region 59065",
        "plz": "59065"
      },
      {
        "center": {
          "x": 7.742,
          "y": 51.709
        },
        "demand": 115,
        "id": "59075",
        "name": "Region 59075",
        "plz": "59075"
      },
      {
        "center": {
          "x": 7.624,
          "y": 51.974
        },
        "demand": 634,
        "id": "48147",
        "name": "Region 48147",
        "plz": "48147"
      },
      {
        "center": {
          "x": 7.937,
          "y": 51.725
        },
        "demand": 713,
        "id": "59229",
        "name": "Region 59229",
        "plz": "59229"
      },
      {
        "center": {
          "x": 7.897,
          "y": 51.795
        },
        "demand": 619,
        "id": "59227",
        "name": "Region 59227",
        "plz": "59227"
      },
      {
        "center": {
          "x": 7.501,
          "y": 51.631
        },
        "demand": 489,
        "id": "44534",
        "name": "Region 44534",
        "plz": "44534"
      },
      {
        "center": {
          "x": 7.538,
          "y": 51.599
        },
        "demand": 963,
        "id": "44532",
        "name": "Region 44532",
        "plz": "44532"
      },
      {
        "center": {
          "x": 6.968,
          "y": 51.649
        },
        "demand": 430,
        "id": "46282",
        "name": "Region 46282",
        "plz": "46282"
      },
      {
        "center": {
          "x": 6.977,
          "y": 51.681
        },
        "demand": 934,
        "id": "46284",
        "name": "Region 46284",
        "plz": "46284"
      },
      {
        "center": {
          "x": 7.606,
          "y": 51.97
        },
        "demand": 912,
        "id": "48149",
        "name": "Region 48149",
        "plz": "48149"
      },
      {
        "center": {
          "x": 7.612,
          "y": 51.941
        },
        "demand": 93,
        "id": "48151",
        "name": "Region 48151",
        "plz": "48151"
      },
      {
        "center": {
          "x": 7.653,
          "y": 51.959
        },
        "demand": 30,
        "id": "48145",
        "name": "Region 48145",
        "plz": "48145"
      },
      {
        "center": {
          "x": 7.679,
          "y": 51.948
        },
        "demand": 180,
        "id": "48155",
        "name": "Region 48155",
        "plz": "48155"
      },
      {
        "center": {
          "x": 7.687,
          "y": 51.993
        },
        "demand": 238,
        "id": "48157",
        "name": "Region 48157",
        "plz": "48157"
      },
      {
        "center": {
          "x": 7.724,
          "y": 51.929
        },
        "demand": 793,
        "id": "48167",
        "name": "Region 48167",
        "plz": "48167"
      },
      {
        "center": {
          "x": 7.599,
          "y": 52.017
        },
        "demand": 419,
        "id": "48159",
        "name": "Region 48159",
        "plz": "48159"
      },
      {
        "center": {
          "x": 7.624,
          "y": 51.941
        },
        "demand": 435,
        "id": "48153",
        "name": "Region 48153",
        "plz": "48153"
      },
      {
        "center": {
          "x": 7.661,
          "y": 51.895
        },
        "demand": 470,
        "id": "48165",
        "name": "Region 48165",
        "plz": "48165"
      },
      {
        "center": {
          "x": 7.526,
          "y": 51.974
        },
        "demand": 665,
        "id": "48161",
        "name": "Region 48161",
        "plz": "48161"
      },
      {
        "center": {
          "x": 7.176,
          "y": 51.625
        },
        "demand": 108,
        "id": "45659",
        "name": "Region 45659",
        "plz": "45659"
      },
      {
        "center": {
          "x": 7.196,
          "y": 51.615
        },
        "demand": 869,
        "id": "45657",
        "name": "Region 45657",
        "plz": "45657"
      },
      {
        "center": {
          "x": 7.258,
          "y": 51.613
        },
        "demand": 36,
        "id": "45665",
        "name": "Region 45665",
        "plz": "45665"
      },
      {
        "center": {
          "x": 7,
          "y": 51.745
        },
        "demand": 641,
        "id": "46286",
        "name": "Region 46286",
        "plz": "46286"
      },
      {
        "center": {
          "x": 7.579,
          "y": 51.893
        },
        "demand": 373,
        "id": "48163",
        "name": "Region 48163",
        "plz": "48163"
      },
      {
        "center": {
          "x": 8.316,
          "y": 52.049
        },
        "demand": 83,
        "id": "33790",
        "name": "Region 33790",
        "plz": "33790"
      },
      {
        "center": {
          "x": 8.203,
          "y": 51.971
        },
        "demand": 344,
        "id": "33428",
        "name": "Region 33428",
        "plz": "33428"
      },
      {
        "center": {
          "x": 8.319,
          "y": 52.215
        },
        "demand": 640,
        "id": "49324",
        "name": "Region 49324",
        "plz": "49324"
      },
      {
        "center": {
          "x": 8.346,
          "y": 52.135
        },
        "demand": 664,
        "id": "49326",
        "name": "Region 49326",
        "plz": "49326"
      },
      {
        "center": {
          "x": 8.457,
          "y": 52.213
        },
        "demand": 615,
        "id": "49328",
        "name": "Region 49328",
        "plz": "49328"
      },
      {
        "center": {
          "x": 8.282,
          "y": 52.099
        },
        "demand": 490,
        "id": "33829",
        "name": "Region 33829",
        "plz": "33829"
      },
      {
        "center": {
          "x": 8.408,
          "y": 51.997
        },
        "demand": 244,
        "id": "33803",
        "name": "Region 33803",
        "plz": "33803"
      },
      {
        "center": {
          "x": 8.424,
          "y": 52.087
        },
        "demand": 442,
        "id": "33824",
        "name": "Region 33824",
        "plz": "33824"
      },
      {
        "center": {
          "x": 8.396,
          "y": 51.927
        },
        "demand": 880,
        "id": "33334",
        "name": "Region 33334",
        "plz": "33334"
      },
      {
        "center": {
          "x": 8.291,
          "y": 51.836
        },
        "demand": 70,
        "id": "33378",
        "name": "Region 33378",
        "plz": "33378"
      },
      {
        "center": {
          "x": 8.394,
          "y": 51.9
        },
        "demand": 949,
        "id": "33332",
        "name": "Region 33332",
        "plz": "33332"
      },
      {
        "center": {
          "x": 8.37,
          "y": 51.911
        },
        "demand": 384,
        "id": "33330",
        "name": "Region 33330",
        "plz": "33330"
      },
      {
        "center": {
          "x": 8.433,
          "y": 51.976
        },
        "demand": 685,
        "id": "33649",
        "name": "Region 33649",
        "plz": "33649"
      },
      {
        "center": {
          "x": 8.443,
          "y": 51.811
        },
        "demand": 511,
        "id": "33397",
        "name": "Region 33397",
        "plz": "33397"
      },
      {
        "center": {
          "x": 8.197,
          "y": 52.047
        },
        "demand": 423,
        "id": "33775",
        "name": "Region 33775",
        "plz": "33775"
      },
      {
        "center": {
          "x": 8.214,
          "y": 51.895
        },
        "demand": 459,
        "id": "33442",
        "name": "Region 33442",
        "plz": "33442"
      },
      {
        "center": {
          "x": 8.302,
          "y": 51.765
        },
        "demand": 470,
        "id": "33449",
        "name": "Region 33449",
        "plz": "33449"
      }
    ]
  }
}
