{
  "assets": [],
  "options": {
    "duration": 30,
    "exploration_level": 4,
    "input": "input.json",
    "output": "output.json",
    "solver": "vroom",
    "threads": 6,
    "version": "1.15.0"
  },
  "solution": {
    "unplanned": [],
    "vehicles": [
      {
        "id": "vehicle-1",
        "route": [
          {
            "arrival": 0,
            "duration": 0,
            "service": 0,
            "setup": 0,
            "stop": {
              "id": "vehicle-1_start",
              "location": {
                "lat": 51.9422,
                "lon": 7.625
              }
            },
            "type": "start",
            "waiting_time": 0
          },
          {
            "arrival": 50,
            "duration": 50,
            "service": 0,
            "setup": 0,
            "stop": {
              "id": "stop-1",
              "location": {
                "lat": 51.9522,
                "lon": 7.625
              },
              "quantity": 1
            },
            "type": "stop",
            "waiting_time": 0
          },
          {
            "arrival": 150,
            "duration": 150,
            "service": 0,
            "setup": 0,
            "stop": {
              "id": "stop-2",
              "location": {
                "lat": 51.9922,
                "lon": 7.625
              },
              "quantity": 1
            },
            "type": "stop",
            "waiting_time": 0
          },
          {
            "arrival": 350,
            "duration": 350,
            "service": 0,
            "setup": 0,
            "stop": {
              "id": "stop-3",
              "location": {
                "lat": 51.9622,
                "lon": 7.675
              },
              "quantity": 1
            },
            "type": "stop",
            "waiting_time": 0
          },
          {
            "arrival": 450,
            "duration": 450,
            "service": 0,
            "setup": 0,
            "stop": {
              "id": "vehicle-1_end",
              "location": {
                "lat": 51.9972,
                "lon": 7.625
              }
            },
            "type": "end",
            "waiting_time": 0
          }
        ],
        "route_travel_duration": 450
      }
    ]
  },
  "statistics": {
    "result": {
      "custom": {
        "activated_vehicles": 1,
        "max_route_duration": 450,
        "max_stops_in_vehicle": 3,
        "min_stops_in_vehicle": 3,
        "solution_found": true
      },
      "duration": 0.123,
      "value": 450
    },
    "run": {
      "duration": 0.123
    },
    "schema": "v1"
  }
}
