{
  "assets": [],
  "metrics": {
    "activated_vehicles": 1,
    "duration": 0.123,
    "max_duration": 10051,
    "max_stops_in_vehicle": 3,
    "max_travel_duration": 10051,
    "min_duration": 10051,
    "min_stops_in_vehicle": 3,
    "min_travel_duration": 10051,
    "result": {
      "duration": 0.0010404586791992188,
      "value": 10051
    },
    "solution_found": true,
    "value": 10051
  },
  "options": {
    "default_duration": null,
    "default_lat": null,
    "default_lon": null,
    "duration": 30,
    "exploration_level": 4,
    "solver": "vroom",
    "threads": 6,
    "version": "1.15.2"
  },
  "solution": {
    "unplanned": [],
    "vehicles": [
      {
        "id": "vehicle-1",
        "route": [
          {
            "arrival_time": 0,
            "cumulative_travel_duration": 0,
            "duration": 0,
            "end_time": 0,
            "setup": 0,
            "start_time": 0,
            "stop": {
              "id": "vehicle-1_start",
              "location": {
                "lat": 51.9422,
                "lon": 7.625
              }
            },
            "travel_duration": 0,
            "type": "start",
            "waiting_time": 0
          },
          {
            "arrival_time": 1112,
            "cumulative_travel_duration": 1112,
            "duration": 0,
            "end_time": 1112,
            "setup": 0,
            "start_time": 1112,
            "stop": {
              "id": "stop-1",
              "location": {
                "lat": 51.9522,
                "lon": 7.625
              },
              "quantity": 1
            },
            "travel_duration": 1112,
            "type": "stop",
            "waiting_time": 0
          },
          {
            "arrival_time": 4714,
            "cumulative_travel_duration": 4714,
            "duration": 0,
            "end_time": 4714,
            "setup": 0,
            "start_time": 4714,
            "stop": {
              "id": "stop-3",
              "location": {
                "lat": 51.9622,
                "lon": 7.675
              },
              "quantity": 1
            },
            "travel_duration": 3602,
            "type": "stop",
            "waiting_time": 0
          },
          {
            "arrival_time": 9495,
            "cumulative_travel_duration": 9495,
            "duration": 0,
            "end_time": 9495,
            "setup": 0,
            "start_time": 9495,
            "stop": {
              "id": "stop-2",
              "location": {
                "lat": 51.9922,
                "lon": 7.625
              },
              "quantity": 1
            },
            "travel_duration": 4781,
            "type": "stop",
            "waiting_time": 0
          },
          {
            "arrival_time": 10051,
            "cumulative_travel_duration": 10051,
            "duration": 0,
            "end_time": 10051,
            "setup": 0,
            "start_time": 10051,
            "stop": {
              "id": "vehicle-1_end",
              "location": {
                "lat": 51.9972,
                "lon": 7.625
              }
            },
            "travel_duration": 556,
            "type": "end",
            "waiting_time": 0
          }
        ],
        "route_duration": 10051,
        "route_stops_duration": 0,
        "route_travel_duration": 10051
      }
    ]
  }
}
