{
  "assets": [],
  "metrics": {
    "activated_vehicles": 1,
    "duration": 0.123,
    "max_duration": 187,
    "max_stops_in_vehicle": 2,
    "max_travel_duration": 187,
    "min_duration": 187,
    "min_stops_in_vehicle": 2,
    "min_travel_duration": 187,
    "solution_found": true,
    "value": 187
  },
  "options": {
    "default_duration": null,
    "default_lat": null,
    "default_lon": null,
    "duration": 30,
    "exploration_level": 4,
    "solver": "vroom",
    "threads": 6,
    "version": "1.15.2"
  },
  "solution": {
    "unplanned": [
      {
        "id": "stop-3",
        "location": {
          "lat": 51.9622,
          "lon": 7.675
        }
      }
    ],
    "vehicles": [
      {
        "id": "vehicle-1",
        "route": [
          {
            "arrival_time": 0,
            "cumulative_travel_duration": 0,
            "duration": 0,
            "end_time": 0,
            "setup": 0,
            "start_time": 0,
            "stop": {
              "id": "vehicle-1_start",
              "location": {
                "lat": 51.9422,
                "lon": 7.625
              }
            },
            "travel_duration": 0,
            "type": "start",
            "waiting_time": 0
          },
          {
            "arrival_time": 45,
            "cumulative_travel_duration": 45,
            "duration": 0,
            "end_time": 45,
            "setup": 0,
            "start_time": 45,
            "stop": {
              "id": "stop-1",
              "location": {
                "lat": 51.9522,
                "lon": 7.625
              },
              "quantity": 1
            },
            "travel_duration": 45,
            "type": "stop",
            "waiting_time": 0
          },
          {
            "arrival_time": 136,
            "cumulative_travel_duration": 136,
            "duration": 0,
            "end_time": 136,
            "setup": 0,
            "start_time": 136,
            "stop": {
              "id": "stop-2",
              "location": {
                "lat": 51.9922,
                "lon": 7.625
              },
              "quantity": 1
            },
            "travel_duration": 91,
            "type": "stop",
            "waiting_time": 0
          },
          {
            "arrival_time": 187,
            "cumulative_travel_duration": 187,
            "duration": 0,
            "end_time": 187,
            "setup": 0,
            "start_time": 187,
            "stop": {
              "id": "vehicle-1_end",
              "location": {
                "lat": 51.9972,
                "lon": 7.625
              }
            },
            "travel_duration": 51,
            "type": "end",
            "waiting_time": 0
          }
        ],
        "route_duration": 187,
        "route_stops_duration": 0,
        "route_travel_duration": 187
      }
    ]
  }
}
