{
  "solutions": [
    {
      "assignments": [
        {
          "carrier_id": "carrier1",
          "distribution_center_id": "distribution_center_2",
          "item_id": "book",
          "quantity": 3
        },
        {
          "carrier_id": "carrier2",
          "distribution_center_id": "distribution_center_2",
          "item_id": "book",
          "quantity": 2
        },
        {
          "carrier_id": "carrier1",
          "distribution_center_id": "distribution_center_1",
          "item_id": "sneaker",
          "quantity": 1
        },
        {
          "carrier_id": "carrier2",
          "distribution_center_id": "distribution_center_2",
          "item_id": "sneaker",
          "quantity": 1
        },
        {
          "carrier_id": "carrier2",
          "distribution_center_id": "distribution_center_1",
          "item_id": "hydrating gel",
          "quantity": 3
        },
        {
          "carrier_id": "carrier1",
          "distribution_center_id": "distribution_center_2",
          "item_id": "hydrating gel",
          "quantity": 1
        },
        {
          "carrier_id": "carrier1",
          "distribution_center_id": "distribution_center_2",
          "item_id": "hydrating gel",
          "quantity": 3
        },
        {
          "carrier_id": "carrier1",
          "distribution_center_id": "distribution_center_2",
          "item_id": "hydrating gel",
          "quantity": 5
        },
        {
          "carrier_id": "carrier1",
          "distribution_center_id": "distribution_center_2",
          "item_id": "pressure cooker",
          "quantity": 1
        },
        {
          "carrier_id": "carrier2",
          "distribution_center_id": "distribution_center_2",
          "item_id": "pressure cooker",
          "quantity": 1
        },
        {
          "carrier_id": "carrier1",
          "distribution_center_id": "distribution_center_2",
          "item_id": "mattress",
          "quantity": 1
        },
        {
          "carrier_id": "carrier2",
          "distribution_center_id": "distribution_center_2",
          "item_id": "mattress",
          "quantity": 1
        }
      ],
      "billable_weights": {
        "distribution_center_1-carrier1": 2,
        "distribution_center_1-carrier2": 4,
        "distribution_center_2-carrier1": 10,
        "distribution_center_2-carrier2": 10
      },
      "cartons": {
        "distribution_center_1-carrier1": 0.1,
        "distribution_center_1-carrier2": 0.15000000000000002,
        "distribution_center_2-carrier1": 2.3000000000000003,
        "distribution_center_2-carrier2": 1.9000000000000001
      },
      "delivery_costs": {
        "distribution_center_1-carrier1": 3.73,
        "distribution_center_1-carrier2": 3.97,
        "distribution_center_2-carrier1": 3.8000000000000003,
        "distribution_center_2-carrier2": 4.18
      },
      "dimensional_weights": {
        "distribution_center_1-carrier1": 0.266,
        "distribution_center_1-carrier2": 0.42900000000000005,
        "distribution_center_2-carrier1": 6.118000000000001,
        "distribution_center_2-carrier2": 5.433999999999999
      },
      "status": "optimal",
      "value": 17.19,
      "volumes": {
        "distribution_center_1-carrier1": 0.2,
        "distribution_center_1-carrier2": 0.30000000000000004,
        "distribution_center_2-carrier1": 4.6000000000000005,
        "distribution_center_2-carrier2": 3.8000000000000003
      },
      "weight_tiers": {
        "distribution_center_1-carrier1": {
          "0": 1,
          "1": 0,
          "10": 0,
          "11": 0,
          "12": 0,
          "13": 0,
          "14": 0,
          "15": 0,
          "2": 0,
          "3": 0,
          "4": 0,
          "5": 0,
          "6": 0,
          "7": 0,
          "8": 0,
          "9": 0
        },
        "distribution_center_1-carrier2": {
          "0": 0,
          "1": 1,
          "10": 0,
          "11": 0,
          "12": 0,
          "13": 0,
          "14": 0,
          "15": 0,
          "2": 0,
          "3": 0,
          "4": 0,
          "5": 0,
          "6": 0,
          "7": 0,
          "8": 0,
          "9": 0
        },
        "distribution_center_2-carrier1": {
          "0": 0,
          "1": 0,
          "10": 0,
          "11": 0,
          "12": 0,
          "13": 0,
          "14": 0,
          "15": 0,
          "2": 0,
          "3": 0,
          "4": 1,
          "5": 0,
          "6": 0,
          "7": 0,
          "8": 0,
          "9": 0
        },
        "distribution_center_2-carrier2": {
          "0": 0,
          "1": 0,
          "10": 0,
          "11": 0,
          "12": 0,
          "13": 0,
          "14": 0,
          "15": 0,
          "2": 0,
          "3": 0,
          "4": 1,
          "5": 0,
          "6": 0,
          "7": 0,
          "8": 0,
          "9": 0
        }
      },
      "weights": {
        "distribution_center_1-carrier1": 0.8,
        "distribution_center_1-carrier2": 0.03,
        "distribution_center_2-carrier1": 9.89,
        "distribution_center_2-carrier2": 10
      }
    }
  ],
  "statistics": {
    "result": {
      "custom": {
        "delivery_costs": 15.68,
        "handling_costs": 1.51
      },
      "duration": 0.123,
      "value": 17.19
    },
    "run": {
      "duration": 0.123
    },
    "schema": "v1"
  },
  "version": {
    "sdk": "VERSION"
  }
}
