{
  "assets": [],
  "metrics": {
    "duration": 0.123,
    "iterations": 4,
    "solve_duration": 0.123,
    "status": "optimal",
    "value": 2076052.9158463147
  },
  "options": {
    "duration": 30,
    "epsilon": 0.00001,
    "max_iterations": 100
  },
  "solution": {
    "facilities": [
      "Elm Creek",
      "Emory"
    ],
    "fixed_cost": 1600000,
    "total_cost": 2076052.9158463147,
    "variable_cost": 476052.9158463148
  }
}
