{
  "assets": [],
  "options": {
    "duration": 30,
    "epsilon": 0.00001,
    "input": "input.json",
    "max_iterations": 100,
    "output": "output.json"
  },
  "solution": {
    "facilities": [
      "Elm Creek",
      "Emory"
    ],
    "fixed_cost": 1600000,
    "total_cost": 2076052.9158463147,
    "variable_cost": 476052.9158463148
  },
  "statistics": {
    "result": {
      "custom": {
        "iterations": 4,
        "status": "optimal"
      },
      "duration": 0.123,
      "value": 2076052.9158463147
    },
    "run": {
      "duration": 0.123
    },
    "schema": "v1"
  }
}
