{
  "assets": [],
  "options": {
    "duration": 2,
    "exhaustive_on_best": null,
    "feas_tolerance": null,
    "history_length": null,
    "input": "input.json",
    "max_penalty": null,
    "max_perturbations": null,
    "min_penalty": null,
    "min_perturbations": null,
    "num_iters_no_improvement": null,
    "num_neighbours": null,
    "output": "output.json",
    "penalty_decrease": null,
    "penalty_increase": null,
    "solutions_between_updates": null,
    "solver": "PyVRP",
    "symmetric_neighbours": null,
    "symmetric_proximity": null,
    "target_feasible": null,
    "version": "0.13.4",
    "weight_time_warp": null,
    "weight_wait_time": null
  },
  "solution": {
    "unplanned": [],
    "vehicles": [
      {
        "id": "vehicle-1",
        "route": [
          {
            "arrival_time": "2024-03-19T11:00:00+00:00",
            "cumulative_travel_distance": 0,
            "cumulative_travel_duration": 0,
            "end_time": "2024-03-19T11:00:00+00:00",
            "start_time": "2024-03-19T11:00:00+00:00",
            "stop": {
              "id": "vehicle-1-start",
              "location": {
                "lat": 51.9622,
                "lon": 7.625
              }
            },
            "travel_distance": 0,
            "travel_duration": 0
          },
          {
            "arrival_time": "2024-03-19T11:01:24+00:00",
            "cumulative_travel_distance": 842,
            "cumulative_travel_duration": 84,
            "duration": 0,
            "end_time": "2024-03-19T11:01:24+00:00",
            "start_time": "2024-03-19T11:01:24+00:00",
            "stop": {
              "id": "location-1",
              "location": {
                "lat": 51.9624,
                "lon": 7.6228
              }
            },
            "travel_distance": 842,
            "travel_duration": 84
          },
          {
            "arrival_time": "2024-03-19T11:02:08+00:00",
            "cumulative_travel_distance": 1284,
            "cumulative_travel_duration": 128,
            "end_time": "2024-03-19T11:02:08+00:00",
            "start_time": "2024-03-19T11:02:08+00:00",
            "stop": {
              "id": "vehicle-1-end",
              "location": {
                "lat": 51.9622,
                "lon": 7.625
              }
            },
            "travel_distance": 442,
            "travel_duration": 44
          }
        ],
        "route_duration": 128,
        "route_stops_duration": 0,
        "route_travel_distance": 1284,
        "route_travel_duration": 128
      },
      {
        "id": "vehicle-2",
        "route": [
          {
            "arrival_time": "2024-03-19T11:00:00+00:00",
            "cumulative_travel_distance": 0,
            "cumulative_travel_duration": 0,
            "end_time": "2024-03-19T11:00:00+00:00",
            "start_time": "2024-03-19T11:00:00+00:00",
            "stop": {
              "id": "vehicle-2-start",
              "location": {
                "lat": 51.9622,
                "lon": 7.625
              }
            },
            "travel_distance": 0,
            "travel_duration": 0
          },
          {
            "arrival_time": "2024-03-19T11:00:29+00:00",
            "cumulative_travel_distance": 291,
            "cumulative_travel_duration": 29,
            "duration": 0,
            "end_time": "2024-03-19T11:00:29+00:00",
            "start_time": "2024-03-19T11:00:29+00:00",
            "stop": {
              "id": "location-3",
              "location": {
                "lat": 51.9638,
                "lon": 7.6233
              }
            },
            "travel_distance": 291,
            "travel_duration": 29
          },
          {
            "arrival_time": "2024-03-19T11:02:55+00:00",
            "cumulative_travel_distance": 1755,
            "cumulative_travel_duration": 175,
            "duration": 0,
            "end_time": "2024-03-19T11:02:55+00:00",
            "start_time": "2024-03-19T11:02:55+00:00",
            "stop": {
              "id": "location-2",
              "location": {
                "lat": 51.9584,
                "lon": 7.6353
              }
            },
            "travel_distance": 1464,
            "travel_duration": 146
          },
          {
            "arrival_time": "2024-03-19T11:05:19+00:00",
            "cumulative_travel_distance": 3198,
            "cumulative_travel_duration": 319,
            "end_time": "2024-03-19T11:05:19+00:00",
            "start_time": "2024-03-19T11:05:19+00:00",
            "stop": {
              "id": "vehicle-2-end",
              "location": {
                "lat": 51.9622,
                "lon": 7.625
              }
            },
            "travel_distance": 1443,
            "travel_duration": 144
          }
        ],
        "route_duration": 319,
        "route_stops_duration": 0,
        "route_travel_distance": 3198,
        "route_travel_duration": 319
      }
    ]
  },
  "statistics": {
    "result": {
      "custom": {
        "activated_vehicles": 2,
        "max_duration": 319,
        "max_stops_in_vehicle": 2,
        "max_travel_duration": 319,
        "min_duration": 128,
        "min_stops_in_vehicle": 1,
        "min_travel_duration": 128,
        "solution_found": true
      },
      "value": 447
    },
    "run": {
      "duration": 0.123
    },
    "schema": "v1"
  }
}
